
 Start         Length     Name                   Class
 0001:00000000 00070E9CH .text                   CODE
 0002:00000000 00007614H .data                   DATA
 0002:00007614 0002A0ADH .bss                    BSS


Detailed map of segments

 0001:00000000 000040B0 C=CODE     S=.text    G=(none)   M=System   ACBP=A9
 0001:000040B0 00000164 C=CODE     S=.text    G=(none)   M=SysInit  ACBP=A9
 0001:00004214 00000038 C=CODE     S=.text    G=(none)   M=def0     ACBP=A9
 0001:0000424C 00000038 C=CODE     S=.text    G=(none)   M=def1     ACBP=A9
 0001:00004284 00000438 C=CODE     S=.text    G=(none)   M=param0   ACBP=A9
 0001:000046BC 000000EC C=CODE     S=.text    G=(none)   M=inl32    ACBP=A9
 0001:000047A8 00000288 C=CODE     S=.text    G=(none)   M=Windows  ACBP=A9
 0001:00004A30 00000038 C=CODE     S=.text    G=(none)   M=Messages ACBP=A9
 0001:00004A68 000001EC C=CODE     S=.text    G=(none)   M=os       ACBP=A9
 0001:00004C54 000003C8 C=CODE     S=.text    G=(none)   M=nconv0   ACBP=A9
 0001:0000501C 00002FF6 C=CODE     S=.text    G=(none)   M=SysUtils ACBP=A9
 0001:00008014 000004F0 C=CODE     S=.text    G=(none)   M=larit032 ACBP=A9
 0001:00008504 000001E4 C=CODE     S=.text    G=(none)   M=bg       ACBP=A9
 0001:000086E8 0000069C C=CODE     S=.text    G=(none)   M=datim    ACBP=A9
 0001:00008D84 00000AE0 C=CODE     S=.text    G=(none)   M=dtconv   ACBP=A9
 0001:00009864 00000038 C=CODE     S=.text    G=(none)   M=objref   ACBP=A9
 0001:0000989C 000011BC C=CODE     S=.text    G=(none)   M=dir0     ACBP=A9
 0001:0000AA58 00000038 C=CODE     S=.text    G=(none)   M=perfdef  ACBP=A9
 0001:0000AA90 00000038 C=CODE     S=.text    G=(none)   M=perfmon0 ACBP=A9
 0001:0000AAC8 000009E8 C=CODE     S=.text    G=(none)   M=des      ACBP=A9
 0001:0000B4B0 00000038 C=CODE     S=.text    G=(none)   M=filedef  ACBP=A9
 0001:0000B4E8 00000038 C=CODE     S=.text    G=(none)   M=crc0     ACBP=A9
 0001:0000B520 00000038 C=CODE     S=.text    G=(none)   M=md5      ACBP=A9
 0001:0000B558 00000038 C=CODE     S=.text    G=(none)   M=kbd0def  ACBP=A9
 0001:0000B590 00000038 C=CODE     S=.text    G=(none)   M=rng      ACBP=A9
 0001:0000B5C8 00000138 C=CODE     S=.text    G=(none)   M=lbit32   ACBP=A9
 0001:0000B700 00000038 C=CODE     S=.text    G=(none)   M=gost     ACBP=A9
 0001:0000B738 00000038 C=CODE     S=.text    G=(none)   M=gost_2   ACBP=A9
 0001:0000B770 00000038 C=CODE     S=.text    G=(none)   M=gosthash ACBP=A9
 0001:0000B7A8 000001A4 C=CODE     S=.text    G=(none)   M=sifra    ACBP=A9
 0001:0000B94C 00000078 C=CODE     S=.text    G=(none)   M=global   ACBP=A9
 0001:0000B9C4 00001338 C=CODE     S=.text    G=(none)   M=file1    ACBP=A9
 0001:0000CCFC 000001D8 C=CODE     S=.text    G=(none)   M=logr     ACBP=A9
 0001:0000CED4 00000A74 C=CODE     S=.text    G=(none)   M=err1     ACBP=A9
 0001:0000D948 00000BB0 C=CODE     S=.text    G=(none)   M=nconv1   ACBP=A9
 0001:0000E4F8 00000078 C=CODE     S=.text    G=(none)   M=uint64   ACBP=A9
 0001:0000E570 00000108 C=CODE     S=.text    G=(none)   M=timer0   ACBP=A9
 0001:0000E678 000000B4 C=CODE     S=.text    G=(none)   M=util     ACBP=A9
 0001:0000E72C 000000A0 C=CODE     S=.text    G=(none)   M=mem1     ACBP=A9
 0001:0000E7CC 00000038 C=CODE     S=.text    G=(none)   M=WinSvc   ACBP=A9
 0001:0000E804 00000480 C=CODE     S=.text    G=(none)   M=service  ACBP=A9
 0001:0000EC84 00000778 C=CODE     S=.text    G=(none)   M=multi    ACBP=A9
 0001:0000F3FC 000002C0 C=CODE     S=.text    G=(none)   M=sync     ACBP=A9
 0001:0000F6BC 00000138 C=CODE     S=.text    G=(none)   M=mem0     ACBP=A9
 0001:0000F7F4 00000038 C=CODE     S=.text    G=(none)   M=m2       ACBP=A9
 0001:0000F82C 00000408 C=CODE     S=.text    G=(none)   M=memvm    ACBP=A9
 0001:0000FC34 00001D1C C=CODE     S=.text    G=(none)   M=memmgr   ACBP=A9
 0001:00011950 00000158 C=CODE     S=.text    G=(none)   M=mbl32    ACBP=A9
 0001:00011AA8 000009AC C=CODE     S=.text    G=(none)   M=strg     ACBP=A9
 0001:00012454 000000B0 C=CODE     S=.text    G=(none)   M=err0     ACBP=A9
 0001:00012504 00000054 C=CODE     S=.text    G=(none)   M=con0     ACBP=A9
 0001:00012558 000000F0 C=CODE     S=.text    G=(none)   M=work0    ACBP=A9
 0001:00012648 0000024C C=CODE     S=.text    G=(none)   M=code0    ACBP=A9
 0001:00012894 000003C4 C=CODE     S=.text    G=(none)   M=kbd0     ACBP=A9
 0001:00012C58 00000770 C=CODE     S=.text    G=(none)   M=kbd1     ACBP=A9
 0001:000133C8 00000038 C=CODE     S=.text    G=(none)   M=f_def    ACBP=A9
 0001:00013400 00000038 C=CODE     S=.text    G=(none)   M=dirdef   ACBP=A9
 0001:00013438 000002E0 C=CODE     S=.text    G=(none)   M=dir4     ACBP=A9
 0001:00013718 00000558 C=CODE     S=.text    G=(none)   M=cc_warn  ACBP=A9
 0001:00013C70 00000404 C=CODE     S=.text    G=(none)   M=mem2     ACBP=A9
 0001:00014074 00000088 C=CODE     S=.text    G=(none)   M=cc_desc  ACBP=A9
 0001:000140FC 0000005C C=CODE     S=.text    G=(none)   M=Math     ACBP=A9
 0001:00014158 00000324 C=CODE     S=.text    G=(none)   M=cc_mem   ACBP=A9
 0001:0001447C 000001BC C=CODE     S=.text    G=(none)   M=cc_list  ACBP=A9
 0001:00014638 00000038 C=CODE     S=.text    G=(none)   M=cc_var   ACBP=A9
 0001:00014670 00000038 C=CODE     S=.text    G=(none)   M=kbdkey   ACBP=A9
 0001:000146A8 0000076C C=CODE     S=.text    G=(none)   M=cc_uniop ACBP=A9
 0001:00014E14 000003F4 C=CODE     S=.text    G=(none)   M=filetxt  ACBP=A9
 0001:00015208 000002E0 C=CODE     S=.text    G=(none)   M=cc_lst0  ACBP=A9
 0001:000154E8 00000088 C=CODE     S=.text    G=(none)   M=cc_dump  ACBP=A9
 0001:00015570 00000038 C=CODE     S=.text    G=(none)   M=edstr    ACBP=A9
 0001:000155A8 000000A0 C=CODE     S=.text    G=(none)   M=cc_msg   ACBP=A9
 0001:00015648 00000AC0 C=CODE     S=.text    G=(none)   M=cc_text  ACBP=A9
 0001:00016108 000012B8 C=CODE     S=.text    G=(none)   M=cc_lex0  ACBP=A9
 0001:000173C0 00001898 C=CODE     S=.text    G=(none)   M=cc_sym   ACBP=A9
 0001:00018C58 0000017C C=CODE     S=.text    G=(none)   M=cc_rtl   ACBP=A9
 0001:00018DD4 0000051C C=CODE     S=.text    G=(none)   M=cc_env   ACBP=A9
 0001:000192F0 00000ED3 C=CODE     S=.text    G=(none)   M=cc_util  ACBP=A9
 0001:0001A1C4 00000138 C=CODE     S=.text    G=(none)   M=strgs    ACBP=A9
 0001:0001A2FC 00003720 C=CODE     S=.text    G=(none)   M=cc_type  ACBP=A9
 0001:0001DA1C 00000364 C=CODE     S=.text    G=(none)   M=conv     ACBP=A9
 0001:0001DD80 000001C4 C=CODE     S=.text    G=(none)   M=cc_attr  ACBP=A9
 0001:0001DF44 00000518 C=CODE     S=.text    G=(none)   M=cx_array ACBP=A9
 0001:0001E45C 00000EC4 C=CODE     S=.text    G=(none)   M=cx_set   ACBP=A9
 0001:0001F320 00001B04 C=CODE     S=.text    G=(none)   M=cx_imm   ACBP=A9
 0001:00020E24 0000264B C=CODE     S=.text    G=(none)   M=cx_def   ACBP=A9
 0001:00023470 0000190C C=CODE     S=.text    G=(none)   M=cx_parse ACBP=A9
 0001:00024D7C 00000EEC C=CODE     S=.text    G=(none)   M=cx_util  ACBP=A9
 0001:00025C68 000003BC C=CODE     S=.text    G=(none)   M=cx_resolve ACBP=A9
 0001:00026024 00000A08 C=CODE     S=.text    G=(none)   M=cx_rta   ACBP=A9
 0001:00026A2C 000017A8 C=CODE     S=.text    G=(none)   M=cx_type  ACBP=A9
 0001:000281D4 00003DF4 C=CODE     S=.text    G=(none)   M=cx_opt   ACBP=A9
 0001:0002BFC8 00001184 C=CODE     S=.text    G=(none)   M=cx_final ACBP=A9
 0001:0002D14C 00000A14 C=CODE     S=.text    G=(none)   M=cb_choice ACBP=A9
 0001:0002DB60 00000A64 C=CODE     S=.text    G=(none)   M=cb_def   ACBP=A9
 0001:0002E5C4 00001670 C=CODE     S=.text    G=(none)   M=cb_parse ACBP=A9
 0001:0002FC34 00000A2C C=CODE     S=.text    G=(none)   M=cb_opt   ACBP=A9
 0001:00030660 0000109C C=CODE     S=.text    G=(none)   M=cb_form  ACBP=A9
 0001:000316FC 000002F4 C=CODE     S=.text    G=(none)   M=cb_block ACBP=A9
 0001:000319F0 0000019C C=CODE     S=.text    G=(none)   M=cd_idl   ACBP=A9
 0001:00031B8C 00000350 C=CODE     S=.text    G=(none)   M=cd_util  ACBP=A9
 0001:00031EDC 000004E8 C=CODE     S=.text    G=(none)   M=cd_attr  ACBP=A9
 0001:000323C4 00001028 C=CODE     S=.text    G=(none)   M=cd_type  ACBP=A9
 0001:000333EC 00000038 C=CODE     S=.text    G=(none)   M=ca_def   ACBP=A9
 0001:00033424 00002C10 C=CODE     S=.text    G=(none)   M=cd_unit  ACBP=A9
 0001:00036034 000001C0 C=CODE     S=.text    G=(none)   M=cx_phase ACBP=A9
 0001:000361F4 000040E0 C=CODE     S=.text    G=(none)   M=cx_form  ACBP=A9
 0001:0003A2D4 00001254 C=CODE     S=.text    G=(none)   M=cx_expr  ACBP=A9
 0001:0003B528 00003EC4 C=CODE     S=.text    G=(none)   M=cd_eval  ACBP=A9
 0001:0003F3EC 000007A4 C=CODE     S=.text    G=(none)   M=cd_decl  ACBP=A9
 0001:0003FB90 00001FAC C=CODE     S=.text    G=(none)   M=cc_pre   ACBP=A9
 0001:00041B3C 00000718 C=CODE     S=.text    G=(none)   M=cc_lex1  ACBP=A9
 0001:00042254 00003E38 C=CODE     S=.text    G=(none)   M=cc_err   ACBP=A9
 0001:0004608C 00000788 C=CODE     S=.text    G=(none)   M=cc_def   ACBP=A9
 0001:00046814 00000184 C=CODE     S=.text    G=(none)   M=cb_make  ACBP=A9
 0001:00046998 00000734 C=CODE     S=.text    G=(none)   M=cx_make  ACBP=A9
 0001:000470CC 000000B0 C=CODE     S=.text    G=(none)   M=ca_util  ACBP=A9
 0001:0004717C 00000DCC C=CODE     S=.text    G=(none)   M=ca_type  ACBP=A9
 0001:00047F48 000006B0 C=CODE     S=.text    G=(none)   M=ca_var   ACBP=A9
 0001:000485F8 000000E4 C=CODE     S=.text    G=(none)   M=ca_temp  ACBP=A9
 0001:000486DC 00000E6C C=CODE     S=.text    G=(none)   M=ca_block ACBP=A9
 0001:00049548 00000C08 C=CODE     S=.text    G=(none)   M=ca_analyze ACBP=A9
 0001:0004A150 000001CC C=CODE     S=.text    G=(none)   M=c32_def  ACBP=A9
 0001:0004A31C 00000104 C=CODE     S=.text    G=(none)   M=c32_uniop ACBP=A9
 0001:0004A420 00000198 C=CODE     S=.text    G=(none)   M=cc_debug ACBP=A9
 0001:0004A5B8 00000054 C=CODE     S=.text    G=(none)   M=ci_instr ACBP=A9
 0001:0004A60C 00000038 C=CODE     S=.text    G=(none)   M=ci_struct ACBP=A9
 0001:0004A644 000000BC C=CODE     S=.text    G=(none)   M=ci_def   ACBP=A9
 0001:0004A700 000010C0 C=CODE     S=.text    G=(none)   M=ci_reg   ACBP=A9
 0001:0004B7C0 000034D4 C=CODE     S=.text    G=(none)   M=ci_code  ACBP=A9
 0001:0004EC94 0000029C C=CODE     S=.text    G=(none)   M=ci_util  ACBP=A9
 0001:0004EF30 000011A8 C=CODE     S=.text    G=(none)   M=c32_cpu  ACBP=A9
 0001:000500D8 00000110 C=CODE     S=.text    G=(none)   M=cl_def   ACBP=A9
 0001:000501E8 000003B4 C=CODE     S=.text    G=(none)   M=cl_util  ACBP=A9
 0001:0005059C 000004DC C=CODE     S=.text    G=(none)   M=cl_map   ACBP=A9
 0001:00050A78 00003520 C=CODE     S=.text    G=(none)   M=cl_codeview_type ACBP=A9
 0001:00053F98 00003BDC C=CODE     S=.text    G=(none)   M=cl_codeview ACBP=A9
 0001:00057B74 00001478 C=CODE     S=.text    G=(none)   M=ci_link  ACBP=A9
 0001:00058FEC 000001E4 C=CODE     S=.text    G=(none)   M=c32_Linux ACBP=A9
 0001:000591D0 00000C58 C=CODE     S=.text    G=(none)   M=cl_dwarf ACBP=A9
 0001:00059E28 00001D78 C=CODE     S=.text    G=(none)   M=cl_elf   ACBP=A9
 0001:0005BBA0 000003C4 C=CODE     S=.text    G=(none)   M=c32_Win32 ACBP=A9
 0001:0005BF64 000016B4 C=CODE     S=.text    G=(none)   M=cl_pe    ACBP=A9
 0001:0005D618 000001A0 C=CODE     S=.text    G=(none)   M=g_util   ACBP=A9
 0001:0005D7B8 00000090 C=CODE     S=.text    G=(none)   M=c32_util ACBP=A9
 0001:0005D848 000002F8 C=CODE     S=.text    G=(none)   M=ci_context ACBP=A9
 0001:0005DB40 000004B8 C=CODE     S=.text    G=(none)   M=ci_rtl   ACBP=A9
 0001:0005DFF8 00002D04 C=CODE     S=.text    G=(none)   M=ci_fragment ACBP=A9
 0001:00060CFC 000093FC C=CODE     S=.text    G=(none)   M=ci_expr  ACBP=A9
 0001:0006A0F8 00002A98 C=CODE     S=.text    G=(none)   M=ci_block ACBP=A9
 0001:0006CB90 00000568 C=CODE     S=.text    G=(none)   M=ci_gen   ACBP=A9
 0001:0006D0F8 00000F48 C=CODE     S=.text    G=(none)   M=ci_asm   ACBP=A9
 0001:0006E040 000003DC C=CODE     S=.text    G=(none)   M=cl_link  ACBP=A9
 0001:0006E41C 000007A4 C=CODE     S=.text    G=(none)   M=cc_comp  ACBP=A9
 0001:0006EBC0 00000388 C=CODE     S=.text    G=(none)   M=f_comp   ACBP=A9
 0001:0006EF48 00001698 C=CODE     S=.text    G=(none)   M=f_param  ACBP=A9
 0001:000705E0 00000378 C=CODE     S=.text    G=(none)   M=f_main   ACBP=A9
 0001:00070958 00000542 C=CODE     S=.text    G=(none)   M=fcc32    ACBP=A9
 0002:00000000 00000096 C=DATA     S=.data    G=DGROUP   M=System   ACBP=A9
 0002:00000098 00000010 C=DATA     S=.data    G=DGROUP   M=SysInit  ACBP=A9
 0002:000000A8 00000065 C=DATA     S=.data    G=DGROUP   M=def1     ACBP=A9
 0002:00000110 00000100 C=DATA     S=.data    G=DGROUP   M=os       ACBP=A9
 0002:00000210 00000024 C=DATA     S=.data    G=DGROUP   M=nconv0   ACBP=A9
 0002:00000234 000001BC C=DATA     S=.data    G=DGROUP   M=SysUtils ACBP=A9
 0002:000003F0 00000800 C=DATA     S=.data    G=DGROUP   M=des      ACBP=A9
 0002:00000BF0 00000010 C=DATA     S=.data    G=DGROUP   M=filedef  ACBP=A9
 0002:00000C00 00000005 C=DATA     S=.data    G=DGROUP   M=file1    ACBP=A9
 0002:00000C08 00000204 C=DATA     S=.data    G=DGROUP   M=err1     ACBP=A9
 0002:00000E0C 00000046 C=DATA     S=.data    G=DGROUP   M=nconv1   ACBP=A9
 0002:00000E54 00000008 C=DATA     S=.data    G=DGROUP   M=uint64   ACBP=A9
 0002:00000E5C 00000010 C=DATA     S=.data    G=DGROUP   M=service  ACBP=A9
 0002:00000E6C 00000024 C=DATA     S=.data    G=DGROUP   M=multi    ACBP=A9
 0002:00000E90 00000014 C=DATA     S=.data    G=DGROUP   M=mem0     ACBP=A9
 0002:00000EA4 00000020 C=DATA     S=.data    G=DGROUP   M=memmgr   ACBP=A9
 0002:00000EC4 00000014 C=DATA     S=.data    G=DGROUP   M=err0     ACBP=A9
 0002:00000ED8 00000100 C=DATA     S=.data    G=DGROUP   M=work0    ACBP=A9
 0002:00000FD8 0000000E C=DATA     S=.data    G=DGROUP   M=kbd0     ACBP=A9
 0002:00000FE8 00000029 C=DATA     S=.data    G=DGROUP   M=kbd1     ACBP=A9
 0002:00001014 00000001 C=DATA     S=.data    G=DGROUP   M=f_def    ACBP=A9
 0002:00001018 00000055 C=DATA     S=.data    G=DGROUP   M=cc_warn  ACBP=A9
 0002:00001070 000002FB C=DATA     S=.data    G=DGROUP   M=cc_desc  ACBP=A9
 0002:0000136C 00000084 C=DATA     S=.data    G=DGROUP   M=cc_uniop ACBP=A9
 0002:000013F0 0000006C C=DATA     S=.data    G=DGROUP   M=cc_sym   ACBP=A9
 0002:0000145C 00000555 C=DATA     S=.data    G=DGROUP   M=cc_rtl   ACBP=A9
 0002:000019B4 0000075D C=DATA     S=.data    G=DGROUP   M=cc_env   ACBP=A9
 0002:00002114 00000005 C=DATA     S=.data    G=DGROUP   M=cc_type  ACBP=A9
 0002:0000211C 00000671 C=DATA     S=.data    G=DGROUP   M=cc_attr  ACBP=A9
 0002:00002790 00000224 C=DATA     S=.data    G=DGROUP   M=cx_def   ACBP=A9
 0002:000029B4 00000064 C=DATA     S=.data    G=DGROUP   M=cb_def   ACBP=A9
 0002:00002A18 0000000F C=DATA     S=.data    G=DGROUP   M=cd_unit  ACBP=A9
 0002:00002A28 00000024 C=DATA     S=.data    G=DGROUP   M=cd_eval  ACBP=A9
 0002:00002A4C 0000006C C=DATA     S=.data    G=DGROUP   M=cd_decl  ACBP=A9
 0002:00002AB8 0000045C C=DATA     S=.data    G=DGROUP   M=cc_pre   ACBP=A9
 0002:00002F14 00000008 C=DATA     S=.data    G=DGROUP   M=cc_err   ACBP=A9
 0002:00002F1C 00001164 C=DATA     S=.data    G=DGROUP   M=cc_def   ACBP=A9
 0002:00004080 00000110 C=DATA     S=.data    G=DGROUP   M=c32_def  ACBP=A9
 0002:00004190 00000024 C=DATA     S=.data    G=DGROUP   M=c32_uniop ACBP=A9
 0002:000041B4 0000006C C=DATA     S=.data    G=DGROUP   M=cc_debug ACBP=A9
 0002:00004220 000025FA C=DATA     S=.data    G=DGROUP   M=ci_instr ACBP=A9
 0002:0000681C 00000078 C=DATA     S=.data    G=DGROUP   M=ci_struct ACBP=A9
 0002:00006894 00000580 C=DATA     S=.data    G=DGROUP   M=ci_def   ACBP=A9
 0002:00006E14 00000009 C=DATA     S=.data    G=DGROUP   M=ci_code  ACBP=A9
 0002:00006E20 00000100 C=DATA     S=.data    G=DGROUP   M=cl_util  ACBP=A9
 0002:00006F20 00000059 C=DATA     S=.data    G=DGROUP   M=cl_codeview_type ACBP=A9
 0002:00006F7C 0000017C C=DATA     S=.data    G=DGROUP   M=cl_codeview ACBP=A9
 0002:000070F8 00000100 C=DATA     S=.data    G=DGROUP   M=ci_link  ACBP=A9
 0002:000071F8 00000104 C=DATA     S=.data    G=DGROUP   M=cl_pe    ACBP=A9
 0002:000072FC 0000000C C=DATA     S=.data    G=DGROUP   M=ci_expr  ACBP=A9
 0002:00008000 000004A8 C=BSS      S=.bss     G=DGROUP   M=System   ACBP=A9
 0002:000084A8 00000018 C=BSS      S=.bss     G=DGROUP   M=SysInit  ACBP=A9
 0002:000084C0 00000004 C=BSS      S=.bss     G=DGROUP   M=def0     ACBP=A9
 0002:000084C4 00000004 C=BSS      S=.bss     G=DGROUP   M=def1     ACBP=A9
 0002:000084C8 00000004 C=BSS      S=.bss     G=DGROUP   M=param0   ACBP=A9
 0002:000084CC 00000004 C=BSS      S=.bss     G=DGROUP   M=inl32    ACBP=A9
 0002:000084D0 00000004 C=BSS      S=.bss     G=DGROUP   M=Windows  ACBP=A9
 0002:000084D4 00000004 C=BSS      S=.bss     G=DGROUP   M=Messages ACBP=A9
 0002:000084D8 00000008 C=BSS      S=.bss     G=DGROUP   M=os       ACBP=A9
 0002:000084E0 00000004 C=BSS      S=.bss     G=DGROUP   M=nconv0   ACBP=A9
 0002:000084E4 00000110 C=BSS      S=.bss     G=DGROUP   M=SysUtils ACBP=A9
 0002:000085F4 00000008 C=BSS      S=.bss     G=DGROUP   M=larit032 ACBP=A9
 0002:000085FC 00000518 C=BSS      S=.bss     G=DGROUP   M=bg       ACBP=A9
 0002:00008B14 00000004 C=BSS      S=.bss     G=DGROUP   M=datim    ACBP=A9
 0002:00008B18 00000004 C=BSS      S=.bss     G=DGROUP   M=dtconv   ACBP=A9
 0002:00008B1C 00000004 C=BSS      S=.bss     G=DGROUP   M=objref   ACBP=A9
 0002:00008B20 00000004 C=BSS      S=.bss     G=DGROUP   M=dir0     ACBP=A9
 0002:00008B24 00000004 C=BSS      S=.bss     G=DGROUP   M=perfdef  ACBP=A9
 0002:00008B28 00000004 C=BSS      S=.bss     G=DGROUP   M=perfmon0 ACBP=A9
 0002:00008B2C 00000004 C=BSS      S=.bss     G=DGROUP   M=des      ACBP=A9
 0002:00008B30 00000054 C=BSS      S=.bss     G=DGROUP   M=filedef  ACBP=A9
 0002:00008B84 00000004 C=BSS      S=.bss     G=DGROUP   M=crc0     ACBP=A9
 0002:00008B88 00000004 C=BSS      S=.bss     G=DGROUP   M=md5      ACBP=A9
 0002:00008B8C 00000004 C=BSS      S=.bss     G=DGROUP   M=kbd0def  ACBP=A9
 0002:00008B90 00000004 C=BSS      S=.bss     G=DGROUP   M=rng      ACBP=A9
 0002:00008B94 00000004 C=BSS      S=.bss     G=DGROUP   M=lbit32   ACBP=A9
 0002:00008B98 00000004 C=BSS      S=.bss     G=DGROUP   M=gost     ACBP=A9
 0002:00008B9C 00000004 C=BSS      S=.bss     G=DGROUP   M=gost_2   ACBP=A9
 0002:00008BA0 00000004 C=BSS      S=.bss     G=DGROUP   M=gosthash ACBP=A9
 0002:00008BA4 00000004 C=BSS      S=.bss     G=DGROUP   M=sifra    ACBP=A9
 0002:00008BA8 00000008 C=BSS      S=.bss     G=DGROUP   M=global   ACBP=A9
 0002:00008BB0 00000004 C=BSS      S=.bss     G=DGROUP   M=file1    ACBP=A9
 0002:00008BB4 00000054 C=BSS      S=.bss     G=DGROUP   M=logr     ACBP=A9
 0002:00008C08 00000008 C=BSS      S=.bss     G=DGROUP   M=err1     ACBP=A9
 0002:00008C10 00000004 C=BSS      S=.bss     G=DGROUP   M=nconv1   ACBP=A9
 0002:00008C14 00000004 C=BSS      S=.bss     G=DGROUP   M=uint64   ACBP=A9
 0002:00008C18 00000008 C=BSS      S=.bss     G=DGROUP   M=timer0   ACBP=A9
 0002:00008C20 00000004 C=BSS      S=.bss     G=DGROUP   M=util     ACBP=A9
 0002:00008C24 00000004 C=BSS      S=.bss     G=DGROUP   M=mem1     ACBP=A9
 0002:00008C28 00000004 C=BSS      S=.bss     G=DGROUP   M=WinSvc   ACBP=A9
 0002:00008C2C 00000014 C=BSS      S=.bss     G=DGROUP   M=service  ACBP=A9
 0002:00008C40 00000154 C=BSS      S=.bss     G=DGROUP   M=multi    ACBP=A9
 0002:00008D94 0000002C C=BSS      S=.bss     G=DGROUP   M=sync     ACBP=A9
 0002:00008DC0 00000004 C=BSS      S=.bss     G=DGROUP   M=mem0     ACBP=A9
 0002:00008DC4 000001D0 C=BSS      S=.bss     G=DGROUP   M=m2       ACBP=A9
 0002:00008F94 00008050 C=BSS      S=.bss     G=DGROUP   M=memvm    ACBP=A9
 0002:00010FE4 0000604E C=BSS      S=.bss     G=DGROUP   M=memmgr   ACBP=A9
 0002:00017034 00000004 C=BSS      S=.bss     G=DGROUP   M=mbl32    ACBP=A9
 0002:00017038 00000004 C=BSS      S=.bss     G=DGROUP   M=strg     ACBP=A9
 0002:0001703C 00000004 C=BSS      S=.bss     G=DGROUP   M=err0     ACBP=A9
 0002:00017040 0000000C C=BSS      S=.bss     G=DGROUP   M=con0     ACBP=A9
 0002:0001704C 00000054 C=BSS      S=.bss     G=DGROUP   M=work0    ACBP=A9
 0002:000170A0 00000020 C=BSS      S=.bss     G=DGROUP   M=code0    ACBP=A9
 0002:000170C0 00000004 C=BSS      S=.bss     G=DGROUP   M=kbd0     ACBP=A9
 0002:000170C4 00000404 C=BSS      S=.bss     G=DGROUP   M=kbd1     ACBP=A9
 0002:000174C8 00000004 C=BSS      S=.bss     G=DGROUP   M=f_def    ACBP=A9
 0002:000174CC 00000004 C=BSS      S=.bss     G=DGROUP   M=dirdef   ACBP=A9
 0002:000174D0 00000004 C=BSS      S=.bss     G=DGROUP   M=dir4     ACBP=A9
 0002:000174D4 00000004 C=BSS      S=.bss     G=DGROUP   M=cc_warn  ACBP=A9
 0002:000174D8 00000004 C=BSS      S=.bss     G=DGROUP   M=mem2     ACBP=A9
 0002:000174DC 00000004 C=BSS      S=.bss     G=DGROUP   M=cc_desc  ACBP=A9
 0002:000174E0 00000004 C=BSS      S=.bss     G=DGROUP   M=Math     ACBP=A9
 0002:000174E4 00000004 C=BSS      S=.bss     G=DGROUP   M=cc_mem   ACBP=A9
 0002:000174E8 00000004 C=BSS      S=.bss     G=DGROUP   M=cc_list  ACBP=A9
 0002:000174EC 00000C24 C=BSS      S=.bss     G=DGROUP   M=cc_var   ACBP=A9
 0002:00018110 00000004 C=BSS      S=.bss     G=DGROUP   M=kbdkey   ACBP=A9
 0002:00018114 00000004 C=BSS      S=.bss     G=DGROUP   M=cc_uniop ACBP=A9
 0002:00018118 00000004 C=BSS      S=.bss     G=DGROUP   M=filetxt  ACBP=A9
 0002:0001811C 00000004 C=BSS      S=.bss     G=DGROUP   M=cc_lst0  ACBP=A9
 0002:00018120 00000004 C=BSS      S=.bss     G=DGROUP   M=cc_dump  ACBP=A9
 0002:00018124 00000004 C=BSS      S=.bss     G=DGROUP   M=edstr    ACBP=A9
 0002:00018128 00000004 C=BSS      S=.bss     G=DGROUP   M=cc_msg   ACBP=A9
 0002:0001812C 00000004 C=BSS      S=.bss     G=DGROUP   M=cc_text  ACBP=A9
 0002:00018130 00000004 C=BSS      S=.bss     G=DGROUP   M=cc_lex0  ACBP=A9
 0002:00018134 00000004 C=BSS      S=.bss     G=DGROUP   M=cc_sym   ACBP=A9
 0002:00018138 00000058 C=BSS      S=.bss     G=DGROUP   M=cc_rtl   ACBP=A9
 0002:00018190 000007A2 C=BSS      S=.bss     G=DGROUP   M=cc_env   ACBP=A9
 0002:00018934 0000D265 C=BSS      S=.bss     G=DGROUP   M=cc_util  ACBP=A9
 0002:00025B9C 00000004 C=BSS      S=.bss     G=DGROUP   M=strgs    ACBP=A9
 0002:00025BA0 0000913F C=BSS      S=.bss     G=DGROUP   M=cc_type  ACBP=A9
 0002:0002ECE0 00000004 C=BSS      S=.bss     G=DGROUP   M=conv     ACBP=A9
 0002:0002ECE4 00000004 C=BSS      S=.bss     G=DGROUP   M=cc_attr  ACBP=A9
 0002:0002ECE8 00000004 C=BSS      S=.bss     G=DGROUP   M=cx_array ACBP=A9
 0002:0002ECEC 00000004 C=BSS      S=.bss     G=DGROUP   M=cx_set   ACBP=A9
 0002:0002ECF0 00000004 C=BSS      S=.bss     G=DGROUP   M=cx_imm   ACBP=A9
 0002:0002ECF4 000000A4 C=BSS      S=.bss     G=DGROUP   M=cx_def   ACBP=A9
 0002:0002ED98 00000004 C=BSS      S=.bss     G=DGROUP   M=cx_parse ACBP=A9
 0002:0002ED9C 00000004 C=BSS      S=.bss     G=DGROUP   M=cx_util  ACBP=A9
 0002:0002EDA0 00000004 C=BSS      S=.bss     G=DGROUP   M=cx_resolve ACBP=A9
 0002:0002EDA4 00000004 C=BSS      S=.bss     G=DGROUP   M=cx_rta   ACBP=A9
 0002:0002EDA8 00000004 C=BSS      S=.bss     G=DGROUP   M=cx_type  ACBP=A9
 0002:0002EDAC 000010E4 C=BSS      S=.bss     G=DGROUP   M=cx_opt   ACBP=A9
 0002:0002FE90 00000004 C=BSS      S=.bss     G=DGROUP   M=cx_final ACBP=A9
 0002:0002FE94 00000004 C=BSS      S=.bss     G=DGROUP   M=cb_choice ACBP=A9
 0002:0002FE98 000000BC C=BSS      S=.bss     G=DGROUP   M=cb_def   ACBP=A9
 0002:0002FF54 00000004 C=BSS      S=.bss     G=DGROUP   M=cb_parse ACBP=A9
 0002:0002FF58 00000004 C=BSS      S=.bss     G=DGROUP   M=cb_opt   ACBP=A9
 0002:0002FF5C 00000004 C=BSS      S=.bss     G=DGROUP   M=cb_form  ACBP=A9
 0002:0002FF60 00000004 C=BSS      S=.bss     G=DGROUP   M=cb_block ACBP=A9
 0002:0002FF64 00000004 C=BSS      S=.bss     G=DGROUP   M=cd_idl   ACBP=A9
 0002:0002FF68 00000004 C=BSS      S=.bss     G=DGROUP   M=cd_util  ACBP=A9
 0002:0002FF6C 00000004 C=BSS      S=.bss     G=DGROUP   M=cd_attr  ACBP=A9
 0002:0002FF70 00000004 C=BSS      S=.bss     G=DGROUP   M=cd_type  ACBP=A9
 0002:0002FF74 00000004 C=BSS      S=.bss     G=DGROUP   M=ca_def   ACBP=A9
 0002:0002FF78 00000004 C=BSS      S=.bss     G=DGROUP   M=cd_unit  ACBP=A9
 0002:0002FF7C 00000004 C=BSS      S=.bss     G=DGROUP   M=cx_phase ACBP=A9
 0002:0002FF80 000000F7 C=BSS      S=.bss     G=DGROUP   M=cx_form  ACBP=A9
 0002:00030078 00000004 C=BSS      S=.bss     G=DGROUP   M=cx_expr  ACBP=A9
 0002:0003007C 00000070 C=BSS      S=.bss     G=DGROUP   M=cd_eval  ACBP=A9
 0002:000300EC 00000004 C=BSS      S=.bss     G=DGROUP   M=cd_decl  ACBP=A9
 0002:000300F0 0000004C C=BSS      S=.bss     G=DGROUP   M=cc_pre   ACBP=A9
 0002:0003013C 00000004 C=BSS      S=.bss     G=DGROUP   M=cc_lex1  ACBP=A9
 0002:00030140 00000004 C=BSS      S=.bss     G=DGROUP   M=cc_err   ACBP=A9
 0002:00030144 0000002C C=BSS      S=.bss     G=DGROUP   M=cc_def   ACBP=A9
 0002:00030170 00000004 C=BSS      S=.bss     G=DGROUP   M=cb_make  ACBP=A9
 0002:00030174 00000004 C=BSS      S=.bss     G=DGROUP   M=cx_make  ACBP=A9
 0002:00030178 00000004 C=BSS      S=.bss     G=DGROUP   M=ca_util  ACBP=A9
 0002:0003017C 00000004 C=BSS      S=.bss     G=DGROUP   M=ca_type  ACBP=A9
 0002:00030180 00000004 C=BSS      S=.bss     G=DGROUP   M=ca_var   ACBP=A9
 0002:00030184 00000004 C=BSS      S=.bss     G=DGROUP   M=ca_temp  ACBP=A9
 0002:00030188 00000004 C=BSS      S=.bss     G=DGROUP   M=ca_block ACBP=A9
 0002:0003018C 00000004 C=BSS      S=.bss     G=DGROUP   M=ca_analyze ACBP=A9
 0002:00030190 00000170 C=BSS      S=.bss     G=DGROUP   M=c32_def  ACBP=A9
 0002:00030300 00000004 C=BSS      S=.bss     G=DGROUP   M=c32_uniop ACBP=A9
 0002:00030304 00000004 C=BSS      S=.bss     G=DGROUP   M=cc_debug ACBP=A9
 0002:00030308 0000075C C=BSS      S=.bss     G=DGROUP   M=ci_instr ACBP=A9
 0002:00030A64 00000004 C=BSS      S=.bss     G=DGROUP   M=ci_struct ACBP=A9
 0002:00030A68 00000004 C=BSS      S=.bss     G=DGROUP   M=ci_def   ACBP=A9
 0002:00030A6C 00000004 C=BSS      S=.bss     G=DGROUP   M=ci_reg   ACBP=A9
 0002:00030A70 00000004 C=BSS      S=.bss     G=DGROUP   M=ci_code  ACBP=A9
 0002:00030A74 00000004 C=BSS      S=.bss     G=DGROUP   M=ci_util  ACBP=A9
 0002:00030A78 00000004 C=BSS      S=.bss     G=DGROUP   M=c32_cpu  ACBP=A9
 0002:00030A7C 00000004 C=BSS      S=.bss     G=DGROUP   M=cl_def   ACBP=A9
 0002:00030A80 00000004 C=BSS      S=.bss     G=DGROUP   M=cl_util  ACBP=A9
 0002:00030A84 00000004 C=BSS      S=.bss     G=DGROUP   M=cl_map   ACBP=A9
 0002:00030A88 00000004 C=BSS      S=.bss     G=DGROUP   M=cl_codeview_type ACBP=A9
 0002:00030A8C 00000004 C=BSS      S=.bss     G=DGROUP   M=cl_codeview ACBP=A9
 0002:00030A90 00000004 C=BSS      S=.bss     G=DGROUP   M=ci_link  ACBP=A9
 0002:00030A94 00000004 C=BSS      S=.bss     G=DGROUP   M=c32_Linux ACBP=A9
 0002:00030A98 00000004 C=BSS      S=.bss     G=DGROUP   M=cl_dwarf ACBP=A9
 0002:00030A9C 00000004 C=BSS      S=.bss     G=DGROUP   M=cl_elf   ACBP=A9
 0002:00030AA0 00000004 C=BSS      S=.bss     G=DGROUP   M=c32_Win32 ACBP=A9
 0002:00030AA4 00000004 C=BSS      S=.bss     G=DGROUP   M=cl_pe    ACBP=A9
 0002:00030AA8 00000004 C=BSS      S=.bss     G=DGROUP   M=g_util   ACBP=A9
 0002:00030AAC 00000004 C=BSS      S=.bss     G=DGROUP   M=c32_util ACBP=A9
 0002:00030AB0 00000004 C=BSS      S=.bss     G=DGROUP   M=ci_context ACBP=A9
 0002:00030AB4 00000004 C=BSS      S=.bss     G=DGROUP   M=ci_rtl   ACBP=A9
 0002:00030AB8 00000004 C=BSS      S=.bss     G=DGROUP   M=ci_fragment ACBP=A9
 0002:00030ABC 00000D18 C=BSS      S=.bss     G=DGROUP   M=ci_expr  ACBP=A9
 0002:000317D4 00000004 C=BSS      S=.bss     G=DGROUP   M=ci_block ACBP=A9
 0002:000317D8 00000004 C=BSS      S=.bss     G=DGROUP   M=ci_gen   ACBP=A9
 0002:000317DC 00000004 C=BSS      S=.bss     G=DGROUP   M=ci_asm   ACBP=A9
 0002:000317E0 00000004 C=BSS      S=.bss     G=DGROUP   M=cl_link  ACBP=A9
 0002:000317E4 00000004 C=BSS      S=.bss     G=DGROUP   M=cc_comp  ACBP=A9
 0002:000317E8 000008B8 C=BSS      S=.bss     G=DGROUP   M=f_comp   ACBP=A9
 0002:000320A0 00000004 C=BSS      S=.bss     G=DGROUP   M=f_param  ACBP=A9
 0002:000320A4 00000008 C=BSS      S=.bss     G=DGROUP   M=f_main   ACBP=A9


  Address         Publics by Name

 0002:00008C14       .1
 0002:0002ECE0       .1
 0002:0002ECE4       .1
 0002:0003007C       .1
 0002:00030078       .1
 0002:00017038       .1
 0002:00008C1C       .1
 0002:0002FF58       .1
 0002:000320A4       .1
 0002:0002ECE8       .1
 0002:0002ECEC       .1
 0002:00025BA0       .1
 0002:00025B9C       .1
 0002:0002ECF0       .1
 0002:00008C10       .1
 0002:000320A0       .1
 0002:00008C08       .1
 0002:0003209C       .1
 0002:00017034       .1
 0002:00008C20       .1
 0002:00008C24       .1
 0002:00018934       .1
 0002:00008BB4       .1
 0002:00018190       .1
 0002:0002FF60       .1
 0002:000317E4       .1
 0002:0001703C       .1
 0002:00008C2C       .1
 0002:00018138       .1
 0002:000317E0       .1
 0002:00008F94       .1
 0002:00017048       .1
 0002:0001704C       .1
 0002:0002FF54       .1
 0002:000170BC       .1
 0002:00008BB0       .1
 0002:000170C0       .1
 0002:000300EC       .1
 0002:00008BAC       .1
 0002:00008BA4       .1
 0002:00008BA0       .1
 0002:00008B9C       .1
 0002:000317DC       .1
 0002:000170C4       .1
 0002:000317D8       .1
 0002:00008B98       .1
 0002:000300F0       .1
 0002:00008B94       .1
 0002:00008B90       .1
 0002:0003013C       .1
 0002:00008B8C       .1
 0002:00008B88       .1
 0002:00008B84       .1
 0002:00030140       .1
 0002:0002FF5C       .1
 0002:00008B2C       .1
 0002:00030170       .1
 0002:00008B28       .1
 0002:00008B24       .1
 0002:00008C44       .1
 0002:00030174       .1
 0002:000174C8       .1
 0002:00030178       .1
 0002:000174CC       .1
 0002:0003017C       .1
 0002:0002FE98       .1
 0002:000317D4       .1
 0002:000174D0       .1
 0002:000174D4       .1
 0002:00008B20       .1
 0002:00008B1C       .1
 0002:000174D8       .1
 0002:00018134       .1
 0002:00008B18       .1
 0002:00030180       .1
 0002:00008B14       .1
 0002:00030184       .1
 0002:00008B10       .1
 0002:00030188       .1
 0002:000085F8       .1
 0002:000174DC       .1
 0002:0002FF80       .1
 0002:0003018C       .1
 0002:000174E4       .1
 0002:0002FF7C       .1
 0002:0002FE90       .1
 0002:0001810C       .1
 0002:00018110       .1
 0002:000302FC       .1
 0002:00008D94       .1
 0002:00030300       .1
 0002:0002FF78       .1
 0002:00030304       .1
 0002:0002FF74       .1
 0002:00030A64       .1
 0002:000084E0       .1
 0002:00030A6C       .1
 0002:00010FE4       .1
 0002:000084DC       .1
 0002:00030A70       .1
 0002:0002FF70       .1
 0002:00018114       .1
 0002:00030A74       .1
 0002:00030A78       .1
 0002:0002FF6C       .1
 0002:00030A7C       .1
 0002:00030A80       .1
 0002:00030A84       .1
 0002:0002EDAC       .1
 0002:0002EDA8       .1
 0002:0002EDA4       .1
 0002:0002EDA0       .1
 0002:0002ED9C       .1
 0002:00030A94       .1
 0002:00008DC0       .1
 0002:00030A98       .1
 0002:00030ABC       .1
 0002:000084CC       .1
 0002:000084C8       .1
 0002:00018118       .1
 0002:0002ED98       .1
 0002:0001811C       .1
 0002:00030A9C       .1
 0002:00018120       .1
 0002:00018130       .1
 0002:00030AA0       .1
 0002:00030AB8       .1
 0002:0001812C       .1
 0002:00030AB4       .1
 0002:00008F90       .1
 0002:000084C0       .1
 0002:0002FF68       .1
 0002:00030AA4       .1
 0002:00018124       .1
 0002:00030AA8       .1
 0002:00018128       .1
 0002:00030AAC       .1
 0002:0002FF64       .1
 0002:00030AB0       .1
 0002:0002ECF4       .2
 0002:0003016C       .2
 0002:000174E8       .2
 0002:00008B80       .2
 0002:00030A60       .2
 0002:000084C4       .2
 0002:00030A90       .2
 0002:0002FE94       .2
 0002:00030A8C       .3
 0002:00030A68       .3
 0002:00030A88       .4
 0001:00003799       @Append
 0001:00003672       @Assign
 0001:00001A98       @AStrCmp
 0001:00001F54       @ClassCreate
 0001:00001F90       @ClassDestroy
 0001:00003714       @Close
 0001:000015EC       @Copy
 0001:00001630       @Delete
 0001:00002338       @DoneExcept
 0001:00001B08       @FillChar
 0001:00002D44       @Finalize
 0001:00002C84       @FinalizeArray
 0001:00002C58       @FinalizeRecord
 0001:000036ED       @Flush
 0001:00001510       @FreeMem
 0001:000014F8       @GetMem
 0001:00004128       @GetTls
 0001:00002798       @Halt
 0001:00002680       @Halt0
 0001:00002094       @HandleAnyException
 0001:00002290       @HandleFinally
 0001:00002158       @HandleOnException
 0001:000041B8       @InitExe
 0001:000025E0       @InitResStrings
 0001:0000174C       @Insert
 0001:00003458       @IntfClear
 0001:00001F30       @IsClass
 0001:00001660       @LGetDir
 0001:00002850       @LStrArrayClr
 0001:00002880       @LStrAsg
 0001:00002AB0       @LStrCat
 0001:00002AF4       @LStrCatN
 0001:0000282C       @LStrClr
 0001:00002B50       @LStrCopy
 0001:00002A58       @LStrFromArray
 0001:000029D0       @LStrFromChar
 0001:000029E0       @LStrFromPChar
 0001:00002910       @LStrFromPCharLen
 0001:00002A10       @LStrFromPWChar
 0001:00002940       @LStrFromPWCharLen
 0001:00002A4C       @LStrFromString
 0001:00002A70       @LStrFromWStr
 0001:000028C4       @LStrLAsg
 0001:00002AA8       @LStrLen
 0001:00002B90       @LStrSetLength
 0001:00002B44       @LStrToPChar
 0001:00002A84       @LStrToString
 0001:000028EC       @NewAnsiString
 0001:00001D24       @ObjSetup
 0001:00001918       @Pos
 0001:00003CC0       @Pow10
 0001:00001970       @PStrCat
 0001:00001A14       @PStrCmp
 0001:000019C8       @PStrCpy
 0001:00001998       @PStrNCat
 0001:000019E4       @PStrNCpy
 0001:000022E4       @RaiseAgain
 0001:000022C8       @RaiseExcept
 0001:00001528       @ReallocMem
 0001:0000378B       @ResetText
 0001:00003792       @RewritText
 0001:00001968       @ROUND
 0001:000027A4       @RunError
 0001:00001CA8       @SetElem
 0001:00001CCC       @SetRange
 0001:000016D8       @SGetDir
 0001:000025B0       @StartExe
 0001:00003938       @Str0Ext
 0001:00001B88       @Str0Long
 0001:00003944       @Str1Ext
 0001:0000394B       @Str2Ext
 0001:00001B28       @StrLong
 0001:00002368       @TryFinallyExit
 0001:00003BBC       @ValExt
 0001:00001B94       @ValLong
 0001:00002FFC       @VarCast
 0001:00002E94       @VarClear
 0001:0000312C       @VarClr
 0001:00002EC8       @VarCopy
 0001:000030F0       @VarToLStr
 0001:0000387F       @Write0Char
 0001:000038E8       @Write0CString
 0001:00001C64       @Write0Long
 0001:00002BF4       @Write0LString
 0001:00003844       @Write0String
 0001:000038D1       @WriteChar
 0001:000038EC       @WriteCString
 0001:0000386B       @WriteLn
 0001:00001C3C       @WriteLong
 0001:00002BFC       @WriteLString
 0001:0000384E       @WriteString
 0001:00002C34       @WStrArrayClr
 0001:00002C1C       @WStrClr
 0001:00001C84       @_CLenToPasStr
 0001:00001C6C       @_CToPasStr
 0001:000036C8       @_Flush
 0001:000015BC       @_IOTest
 0002:00008018       AbstractErrorProc
 0002:000172C8       act
 0002:0000100C       actnum
 0001:0000CED4       add
 0001:0004BF08       addaddimm
 0001:00019AD8       addalign
 0001:000167A4       addbuf
 0001:0004BCBC       addcall
 0001:0004BD08       addcallrtl
 0001:00011EB8       addchar
 0001:0004C030       addcmov
 0001:0004A4EC       adddebuginfo
 0001:00019E48       addfile
 0001:00017710       addident
 0001:0004D1BC       addii
 0001:0004BAA8       addip
 0001:0004BC04       addjump
 0001:0004BC68       addloop
 0001:0004BDF4       addmovaddr
 0001:000178A4       addnewsym
 0001:00017530       addnode
 0001:00023470       addoper
 0001:0004BE70       addopimm
 0001:0004BF58       addopreg
 0001:0004BD70       addpushofs
 0001:0004E548       addrelo
 0001:0004BFAC       addset
 0001:00011ECC       addstr
 0001:0004BEB8       addsubimm
 0001:000177C8       addsym
 0001:0000B9D8       addtolist
 0001:0006D40C       adduitoimm32
 0001:000234B0       addunary
 0001:0004E60C       addunres
 0001:000178F0       addwith
 0001:00004CA4       addx
 0001:00057384       add_dir_item
 0001:00019DBC       add_search_path
 0001:00061B7C       adjust
 0001:0006BC44       adjustasmop
 0001:0004BB3C       adjustoprel
 0001:0003B578       adjustvtable
 0001:0000D964       aitoa
 0001:0000F6BC       alloc
 0002:000083FC       AllocMemCount
 0002:00008400       AllocMemSize
 0001:0004E9DC       allocstack
 0001:0004EBE8       alloctemp
 0001:0000F720       allocz
 0001:0000FE0C       alloc_free0
 0001:00010024       alloc_large
 0001:0000FEC0       alloc_large0
 0001:0000FE60       alloc_new
 0001:00010130       alloc_small
 0001:0000739C       AnsiStrRScan
 0001:000073C4       AnsiStrScan
 0002:00000D0C       appdatum
 0001:000645B8       appendall
 0002:00008C0C       apprevize
 0001:0004E0D8       areavailregs
 0001:00004CE8       ascxtoint
 0001:0006D4BC       asmltooper
 0002:00008014       AssertErrorProc
 0001:0003E644       assignvaraddr
 0001:000236E8       a_agregat
 0001:0004A104       a_analyze
 0001:0002391C       a_atribut
 0001:0001DE4C       a_attrid
 0001:000494CC       a_block
 0001:00049018       a_block_accept
 0001:00049100       a_block_asm
 0001:00049044       a_block_block
 0001:0004871C       a_block_break
 0001:00048FEC       a_block_case
 0001:00048708       a_block_cmd
 0001:00048F04       a_block_delay
 0001:00048D00       a_block_discard
 0001:00048F7C       a_block_for
 0001:000487D8       a_block_goto
 0001:00048F18       a_block_if
 0001:00049180       a_block_if_cond
 0001:00049114       a_block_label
 0001:00048F44       a_block_loop
 0001:000491AC       a_block_loop1
 0001:000487EC       a_block_new
 0001:00048764       a_block_raise
 0001:00048748       a_block_return
 0001:00048778       a_block_send
 0001:000491E4       a_block_sequence
 0001:00049154       a_block_when_c
 0001:00049128       a_block_when_m
 0001:00048FB4       a_block_while
 0001:00024260       a_cinitel
 0001:000243F0       a_clen
 0001:0002437C       a_clen_chain
 0001:000485F8       a_create_temp_var
 0001:00023E1C       a_current
 0001:000236A4       a_deref
 0001:0002CEE0       a_final
 0001:0002CD68       a_final_aggregate
 0001:0002CC14       a_final_attrib
 0001:0002C89C       a_final_call
 0001:0002C334       a_final_component
 0001:0002CB18       a_final_deref
 0001:0002C6E4       a_final_imm
 0001:0002CA28       a_final_index
 0001:0002CDCC       a_final_message
 0001:0002C05C       a_final_operator
 0001:0002C9B0       a_final_range
 0001:0002CAD0       a_final_ref
 0001:0002CEC0       a_final_this
 0001:0002CCE4       a_final_typecast
 0001:0002C2C0       a_final_unary
 0001:0003A108       a_form
 0001:00039D48       a_form_aggregate
 0001:000392EC       a_form_attrib
 0001:00037190       a_form_call
 0001:00039F30       a_form_callspec
 0001:00037DFC       a_form_component
 0001:0003777C       a_form_component_finalize
 0001:0003A06C       a_form_current
 0001:0003757C       a_form_deref
 0001:00038190       a_form_imm
 0001:000389C8       a_form_index
 0001:000385B4       a_form_list
 0001:000374B8       a_form_message_accept
 0001:000373F4       a_form_message_send
 0001:000366DC       a_form_operator
 0001:00036F34       a_form_param
 0001:00038838       a_form_range
 0001:00038BA0       a_form_ref
 0001:000376B0       a_form_this
 0001:00038298       a_form_typecast
 0001:00036C2C       a_form_unary
 0001:0001DDB0       a_getlangattr
 0001:00023ED8       a_jmeno
 0001:00024520       a_jvyraz
 0001:000244A8       a_jvyraz_chain
 0001:000234F0       a_komponenta
 0001:00023980       a_list
 0001:00047104       a_list_append
 0001:0004773C       a_make_action_on_prefix
 0001:00047A3C       a_make_prefix_array
 0001:0004786C       a_make_prefix_record
 0001:0004717C       a_make_subprogram
 0001:0002BBBC       a_opt
 0001:0002B3E0       a_opt_aggregate
 0001:0002AD54       a_opt_attrib
 0001:0002AA54       a_opt_call
 0001:0002A77C       a_opt_component
 0001:0002AD04       a_opt_deref
 0001:000283E8       a_opt_finalize_sequence
 0001:0002A98C       a_opt_imm
 0001:0002AC04       a_opt_index
 0001:0002A9A8       a_opt_list
 0001:0002BB7C       a_opt_message
 0001:0002A2C8       a_opt_operator
 0001:00029724       a_opt_oper_assign
 0001:0002A22C       a_opt_oper_compare_partial
 0001:00028E88       a_opt_oper_iaritm
 0001:0002A180       a_opt_oper_in_set
 0001:000296A4       a_opt_oper_logical
 0001:0002944C       a_opt_oper_logical_xor
 0001:00029320       a_opt_oper_ordinal_rel
 0001:000298E8       a_opt_oper_pointer_rel
 0001:00029B38       a_opt_oper_record_rel
 0001:00029DDC       a_opt_oper_set
 0001:0002A0D4       a_opt_oper_set_rel
 0001:00029890       a_opt_oper_string_concat
 0001:00029790       a_opt_oper_string_rel
 0001:00029A10       a_opt_oper_tag_rel
 0001:0002AA78       a_opt_range
 0001:0002ACB4       a_opt_ref
 0001:00028454       a_opt_reoptimize
 0001:000285CC       a_opt_reorder
 0001:00028640       a_opt_reorder_imm
 0001:000284A4       a_opt_reorder_sts
 0001:00028480       a_opt_reorder_type
 0001:0002834C       a_opt_sequence
 0001:0002BBA0       a_opt_this
 0001:0002B1D4       a_opt_typecast
 0001:0002A6C4       a_opt_unary
 0001:0002A408       a_opt_unary_iaritm
 0001:0002A544       a_opt_unary_logical
 0001:00023600       a_pole
 0001:000470CC       a_prepare_info
 0001:00049E34       a_pre_class
 0001:00049C4C       a_pre_module
 0001:000249F0       a_prikaz
 0001:000499EC       a_procedure
 0001:0004980C       a_program
 0001:00024438       a_qclen
 0001:00024698       a_relace
 0001:00025EF0       a_resolve
 0001:00025D08       a_resolve_find
 0001:00025E78       a_resolve_propagate
 0001:00024624       a_rozsah
 0001:00049548       a_scan_variables
 0001:00023D2C       a_selektor
 0001:00049A0C       a_special
 0001:00049924       a_subprogram
 0001:00049F84       a_symbol
 0001:00027ED8       a_type
 0001:00047BD8       a_type
 0001:000278B8       a_type_aggregate
 0001:00047A88       a_type_array
 0001:00027710       a_type_attrib
 0001:00027258       a_type_call
 0001:000476EC       a_type_class_adjust
 0001:00047444       a_type_class_entry
 0001:000475D4       a_type_class_exit
 0001:000270E0       a_type_component
 0001:0002765C       a_type_deref
 0001:00027184       a_type_imm
 0001:000274C0       a_type_index
 0001:00047E20       a_type_make_call
 0001:00047E6C       a_type_make_call_ancestor
 0001:00047D24       a_type_make_call_qualified
 0001:00027DA4       a_type_message
 0001:00026ED8       a_type_operator
 0001:00026C24       a_type_operator_lang
 0001:00026A88       a_type_overloaded
 0001:000271F4       a_type_param
 0001:00047250       a_type_prepare
 0001:000273B8       a_type_range
 0001:000478AC       a_type_record
 0001:000275A8       a_type_ref
 0001:00027E68       a_type_this
 0001:000277CC       a_type_typecast
 0001:00027078       a_type_unary
 0001:00026F40       a_type_unary_lang
 0001:00048584       a_var_adjust
 0001:0004850C       a_var_entry
 0001:00048548       a_var_exit
 0001:000484CC       a_var_init
 0001:000245BC       a_vyber
 0001:000249B0       a_vyraz
 0001:000247AC       a_vyraz_chain
 0001:000027E8       BeginThread
 0001:000086E0       bg
 0002:00008B0E       bgcount
 0002:00008B0C       bgcurr
 0001:00008528       bgkeyloop
 0002:000085FC       bglist
 0001:00008520       bgloop
 0001:00008504       bg_init
 0002:00001004       biosbufbeg
 0002:000171C8       biosbuffer
 0002:00001008       biosbuflen
 0001:0000B5CC       bitcount
 0001:0000B5C8       bitset
 0001:0000B618       bitsf
 0001:0000B608       bitsfl
 0001:0002E2A0       blaccept.dump
 0001:0002E2FC       blasm.dump
 0001:0002E2CC       blblock.dump
 0001:0002E09C       blbreak.dump
 0001:0002E278       blcase.dump
 0001:0002E074       blcmd.dump
 0001:0002E1B4       bldelay.dump
 0001:0002E18C       bldiscard.dump
 0001:0002E230       blfor.dump
 0001:0002E148       blgoto.dump
 0001:0002E1E0       blif.dump
 0001:0002E3B0       blif_cond.dump
 0001:0002DFC8       blinfo.init
 0001:0002E324       bllabel.dump
 0001:0002E208       blloop.dump
 0001:0002E3D8       blloop1.dump
 0001:0002E170       blnew.dump
 0001:0002E048       blnode.errpos
 0001:0002DFF0       blnode.init
 0001:0002E00C       blnode.setpos
 0002:00014474       blocksizenames
 0002:000110C0       blocksizestat
 0002:00013090       blocksizestattxt
 0002:0002FE9C       blpool
 0001:0002E0F4       blraise.dump
 0001:0002E0C8       blreturn.dump
 0001:0002E120       blsend.dump
 0002:000029BC       blsize
 0001:0002E380       blwhen_c.dump
 0001:0002E350       blwhen_m.dump
 0001:0002E24C       blwhile.dump
 0002:00000EBC       booltxt
 0001:0005BFA4       buildimport
 0001:00004EC8       bytetohex
 0001:00007360       ByteType
 0001:0002EDEC       b_accept
 0001:0002F628       b_asm
 0001:0002EFBC       b_begin
 0001:000316FC       b_block
 0001:0002FB34       b_body
 0001:0002F420       b_break
 0001:0002EC38       b_case
 0001:0002FA24       b_catch
 0001:0002E6C8       b_cmd
 0001:0002F5CC       b_delay
 0001:0002F3C4       b_discard
 0001:0003180C       b_evaluate
 0001:0002E988       b_for
 0001:00031690       b_form
 0001:00031270       b_form_accept
 0001:0003143C       b_form_asm
 0001:00031394       b_form_block
 0001:00030770       b_form_break
 0001:0003112C       b_form_case
 0001:00031290       b_form_catch
 0001:00030720       b_form_cmd
 0001:00030D98       b_form_delay
 0001:00030D48       b_form_discard
 0001:00030EFC       b_form_for
 0001:0003095C       b_form_goto
 0001:00030DB8       b_form_if
 0001:0003141C       b_form_label
 0001:00030E70       b_form_loop
 0001:00030A98       b_form_new
 0001:0003145C       b_form_node
 0001:00030848       b_form_raise
 0001:00030828       b_form_return
 0001:0003093C       b_form_send
 0001:00030660       b_form_sequence
 0001:000310AC       b_form_while
 0001:0002F498       b_goto
 0001:0002E724       b_if
 0001:0002E5C4       b_label
 0001:0002E888       b_loop
 0001:00046900       b_make_block
 0001:00046860       b_make_cmd
 0001:00046920       b_make_for
 0001:0004688C       b_make_if
 0001:000468C0       b_make_if_cond
 0001:00046814       b_make_list
 0001:0002F328       b_new
 0001:00030444       b_opt
 0001:000302E8       b_opt_accept
 0001:00030428       b_opt_asm
 0001:0003039C       b_opt_block
 0001:0002FD50       b_opt_break
 0001:00030010       b_opt_case
 0001:00030304       b_opt_catch
 0001:0002FD20       b_opt_cmd
 0001:0002FE14       b_opt_delay
 0001:0002FDF8       b_opt_discard
 0001:0002FF60       b_opt_for
 0001:0002FDC0       b_opt_goto
 0001:0002FE30       b_opt_if
 0001:0003040C       b_opt_label
 0001:0002FEE4       b_opt_loop
 0001:0002FDDC       b_opt_new
 0001:0002FD88       b_opt_raise
 0001:0002FD6C       b_opt_return
 0001:0002FDA4       b_opt_send
 0001:0002FC34       b_opt_sequence
 0001:0002FF9C       b_opt_while
 0001:0002F008       b_raise
 0001:0002F45C       b_return
 0001:0002F0B4       b_send
 0001:0002F6B0       b_sequence
 0001:0002EB50       b_while
 0001:000500D0       c32_cpu
 0001:0004A314       c32_def
 0001:0004A150       c32_def_init
 0001:000591C8       c32_Linux
 0001:0004A418       c32_uniop
 0001:0005D840       c32_util
 0001:0005BF5C       c32_Win32
 0001:000498B0       calcnesting
 0001:0004AFC8       card
 0001:0004DF48       card
 0001:0004A148       ca_analyze
 0001:00049540       ca_block
 0001:0003341C       ca_def
 0001:000486D4       ca_temp
 0001:00047F40       ca_type
 0001:00047174       ca_util
 0001:000485F0       ca_var
 0001:000319E8       cb_block
 0001:0002DB58       cb_choice
 0001:0002E5BC       cb_def
 0001:000316F4       cb_form
 0001:00046990       cb_make
 0001:00030658       cb_opt
 0001:0002FC2C       cb_parse
 0001:00039030       cc
 0001:0001DF3C       cc_attr
 0001:0006EBB8       cc_comp
 0001:0004A5B0       cc_debug
 0001:0004680C       cc_def
 0001:000463A8       cc_def_init
 0001:000140F4       cc_desc
 0001:00015568       cc_dump
 0001:000192E8       cc_env
 0001:00046084       cc_err
 0001:000173B8       cc_lex0
 0001:0004224C       cc_lex1
 0001:00014630       cc_list
 0001:000154E0       cc_lst0
 0001:00014474       cc_mem
 0001:00015640       cc_msg
 0001:00041B34       cc_pre
 0001:00041A40       cc_pre_init
 0001:00018DCC       cc_rtl
 0001:00018C50       cc_sym
 0001:00016100       cc_text
 0001:0001DA14       cc_type
 0001:0001D9DC       cc_type_init
 0001:00014E0C       cc_uniop
 0001:0001A1B4       cc_util
 0001:00014668       cc_var
 0001:00013C68       cc_warn
 0002:00001018       cc_warning_desc
 0001:00038F0C       cd
 0002:00001094       cdbase_flex
 0001:00038F70       cdt
 0001:000323BC       cd_attr
 0001:0003FB88       cd_decl
 0001:0003F3E4       cd_eval
 0001:0003F2F8       cd_eval_init
 0001:00031B84       cd_idl
 0001:000333E4       cd_type
 0001:0003602C       cd_unit
 0001:00031ED4       cd_util
 0002:000174EC       ce
 0001:00039268       cent
 0001:000423F0       cerrortxt
 0002:00002A20       ce_dup
 0002:00002A1C       ce_i
 0002:00002F18       ce_meta_noend
 0002:00002A24       ce_x_end
 0002:000180E5       cfg_extformat
 0002:00002F14       cfg_maxerrors
 0002:000180E3       cfg_noruntime
 0002:000180E4       cfg_syntaxcheckonly
 0001:00011FE0       chartostrb
 0001:0003626C       checkclass
 0001:00018848       checkcontainer
 0001:000361F4       checkeval
 0001:0004DD64       checkii
 0001:00041F88       checklex
 0001:00015C78       checkmeta
 0001:00036634       checkparam
 0001:00036374       checkresolve
 0001:000182C8       checkspecial
 0001:000362BC       checksts
 0001:00036314       checkview
 0001:00025CEC       check_all
 0001:00025C90       check_compatible
 0001:00025C68       check_equal
 0001:00019B60       check_module
 0001:0001E8EC       choice_add_range
 0001:0002D5D8       choice_add_range
 0001:0001E274       choice_add_range
 0001:0001E4A8       choice_add_single
 0001:0002D198       choice_add_single
 0001:0001DF90       choice_add_single
 0001:0001DF44       choice_extend
 0001:0002D14C       choice_extend
 0001:0001E45C       choice_extend
 0001:0001F054       choice_remove_range
 0001:0001EE4C       choice_remove_single
 0001:0006E038       ci_asm
 0001:0006CB88       ci_block
 0001:0004EC8C       ci_code
 0001:0005DB38       ci_context
 0001:0004A6F8       ci_def
 0001:0004A644       ci_def_init
 0001:0006A0F0       ci_expr
 0001:0006A0B8       ci_expr_init
 0001:00060CF4       ci_fragment
 0001:0006D0F0       ci_gen
 0001:0004A604       ci_instr
 0001:00058FE4       ci_link
 0001:0004B7B8       ci_reg
 0001:0005DFF0       ci_rtl
 0001:0004A63C       ci_struct
 0001:0004EF28       ci_util
 0001:0004E36C       cloneop
 0001:00004998       CloseDesktop
 0001:000047C0       CloseHandle
 0001:000049A0       CloseWindowStation
 0001:00057B6C       cl_codeview
 0001:00053F90       cl_codeview_type
 0001:000501E0       cl_def
 0001:00059E20       cl_dwarf
 0001:0005BB98       cl_elf
 0001:0006E414       cl_link
 0001:00050A70       cl_map
 0001:0005D610       cl_pe
 0001:00050594       cl_util
 0002:00008028       CmdLine
 0002:00008024       CmdShow
 0001:000421C8       cmplexposa
 0001:00042174       cmplexposb
 0001:00020A2C       cmpnil
 0001:00063C38       cmpnil
 0001:000636CC       cmpnil
 0001:000046BC       cmpsbe
 0001:000046D4       cmpsbne
 0001:000155A8       cmsgcompiled
 0001:00038FDC       cn
 0001:0001288C       code0
 0001:000127F8       code0_done
 0001:00012648       code0_init
 0002:00006F7C       codeview_debug
 0002:00007080       codeview_dir_item_type_code
 0002:000070F4       codeview_disable_debugtagtype
 0002:000070A8       codeview_symbol_type_code
 0002:00006F6C       codeview_type_proc_call
 0002:00006F20       codeview_type_type_code
 0002:00006F80       codeview_version
 0001:00054A54       code_flags
 0001:00050C14       code_member_attribute
 0001:00016B7C       comment
 0002:00031F50       compdesc
 0002:00017F9C       compdesc
 0001:0006E41C       compile
 0001:0006ECA8       compiler
 0001:0006EB58       compiler_init
 0001:0004E214       composeop
 0001:0004FE6C       compute_hval
 0001:00012550       con0
 0001:00012504       con0_init
 0001:0001DD78       conv
 0001:0005FCF0       copyblock
 0001:0005FBA0       copysubblock
 0001:0005FC8C       copywords
 0001:00011B44       count
 0002:00017F7C       cpu
 0002:00004088       cpu32_classisize
 0002:00004094       cpu32_class_status
 0002:00004090       cpu32_class_tag
 0002:00004170       cpu32_defaultalign
 0002:000302B4       cpu32_fpparams
 0002:00004178       cpu32_fpsize
 0002:00030190       cpu32_fpsparams
 0002:000040C0       cpu32_intrange
 0002:000040A8       cpu32_logical_hval
 0002:000040A0       cpu32_logical_lval
 0002:00004168       cpu32_maxtypesize
 0002:00004160       cpu32_ptrsize0
 0002:00004140       cpu32_rtattribsize
 0002:0000409C       cpu32_status_inited
 0002:00004098       cpu32_status_none
 0002:000040B0       cpu32_string_hval
 0002:000040B8       cpu32_string_isize
 0001:0000B518       crc0
 0001:000047C8       CreateDirectory
 0001:000047D0       CreateEvent
 0001:000047D8       CreateFile
 0001:000047E0       CreateMutex
 0001:00037740       createthis
 0001:0001A0E8       create_filelist
 0001:00051950       create_recorditem
 0001:00051D10       create_recorditem
 0001:0000BDDC       cropen
 0001:0000F618       csfree
 0001:0000F5EC       csinit
 0001:0000F630       cslock
 0001:0000F664       csunlock
 0001:00038E24       ct
 0001:00038EB0       ctg
 0001:00039098       ctv
 0001:0003913C       ctvx
 0002:000084EC       CurrencyDecimals
 0002:000084E8       CurrencyFormat
 0002:000084E4       CurrencyString
 0002:000027A0       currentityinfo
 0001:0000A2D8       currentpath
 0002:00000110       currusername
 0001:000391CC       cv
 0001:0001387C       cwarntxt
 0001:0001E454       cx_array
 0001:00023454       cx_def
 0001:0003B520       cx_expr
 0001:0002D144       cx_final
 0001:0003A2CC       cx_form
 0001:0003A294       cx_form_init
 0001:00020E1C       cx_imm
 0001:000470C4       cx_make
 0001:0002BFC0       cx_opt
 0001:0002BF84       cx_opt_init
 0001:00024D74       cx_parse
 0001:000361EC       cx_phase
 0001:0002601C       cx_resolve
 0001:00026A24       cx_rta
 0001:0001F318       cx_set
 0001:000281CC       cx_type
 0001:00025C60       cx_util
 0001:000141BC       c_alloc
 0001:0002BFEC       c_final
 0001:00014434       c_free
 0001:00014158       c_initmem
 0001:0001425C       c_realloc
 0001:00014364       c_realloc_plain
 0001:0001420C       c_store
 0001:00026BA0       c_type
 0002:00003EC8       datatypename
 0002:00003F34       datatypetxt
 0002:000084ED       DateSeparator
 0001:000091A4       datetostr
 0001:000088C4       datetoymd
 0001:00008D7C       datim
 0001:00008C64       datimtodate
 0001:000097B0       datimtostr
 0001:00008CA4       datimtotime
 0002:00017358       debugfile
 0002:00000004       DebugHook
 0002:00001014       debugmode
 0002:000084EB       DecimalSeparator
 0002:00002A4C       declinfo
 0001:0000B8E8       decryptfblock
 0001:00004244       def0
 0001:0000427C       def1
 0002:00000000       Default8087CW
 0001:0000F20C       deflocvar
 0001:00010F88       defragmentation_process
 0001:00010B04       defragmentation_round
 0001:00011028       defragment_all
 0002:00011034       defrag_process
 0002:000180F4       def_unichar
 0002:000180E8       def_uniint
 0002:000180F0       def_unilogical
 0002:000180F8       def_uninil
 0002:000180EC       def_unireal
 0002:000180FC       def_unistr
 0001:0003455C       deklarace
 0002:00008C18       delaycnt
 0001:000047E8       DeleteCriticalSection
 0001:000047F0       DeleteFile
 0001:0005D73C       deletevoltmetr
 0001:0001E894       delint
 0001:0002D580       delint
 0001:00021428       derivenode
 0001:0000B4A8       des
 0002:000000B8       dform
 0001:0000AA50       dir0
 0001:00013710       dir4
 0001:00013430       dirdef
 0001:000047F8       DisconnectNamedPipe
 0001:00004C78       divx
 0001:00036034       dophase
 0001:0000A004       drivetype
 0001:0000985C       dtconv
 0001:00008C14       dttodatim
 0001:0002E404       dump
 0001:00023038       dump
 0001:000154E8       dump
 0001:0004A700       dumpreg
 0001:0002E540       dumptree
 0001:000233D8       dumptree
 0001:00056684       dump_alignsym
 0001:00053EB4       dump_codeview_type
 0001:000550A8       dump_fileindex
 0001:00053148       dump_lf_array
 0001:000535C0       dump_lf_enum
 0001:00053364       dump_lf_pointer
 0001:00053988       dump_lf_procedure
 0001:000529E4       dump_lf_structure
 0001:00054F78       dump_module
 0001:00052998       dump_primitive
 0001:00054B00       dump_segment_map
 0001:00054C80       dump_src_module
 0001:00056CC8       dump_symbol_table
 0001:00004800       DuplicateHandle
 0001:00059AE0       dw_at_highpc
 0001:00059C10       dw_at_identifier_case
 0001:00059B50       dw_at_language
 0001:00059AA8       dw_at_lowpc
 0001:00059B18       dw_at_name
 0001:00059BC0       dw_at_producer
 0001:00059B88       dw_at_stmt_list
 0001:00059A24       dw_end_compunit
 0001:00059CAC       dw_line_advance_line
 0001:00059CD4       dw_line_info
 0001:00059C48       dw_line_setaddress
 0001:00059C84       dw_line_setfile
 0001:000597FC       dw_tag_compunit
 0001:0003F3EC       d_create
 0001:0003F874       d_create_empty
 0001:0003F814       d_create_internal
 0001:0003F7BC       d_create_special
 0001:0003F9B4       d_end
 0001:0003FAB0       d_end_internal
 0001:0003F8EC       d_next
 0001:0003F958       d_next_internal
 0001:0003F99C       d_rollback
 0001:000155A0       edstr
 0001:0000A194       efilename
 0002:00002A18       ek_context
 0002:00002A48       elevel
 0001:0000950C       emptydate
 0002:00000234       EmptyStr
 0001:00009724       emptytime
 0001:0000B0F4       encrypt
 0001:0000B7A8       encryptfblock
 0001:00004808       EnterCriticalSection
 0002:00017F84       entrylist
 0001:00004810       EnumCalendarInfoA
 0002:00018194       envtab
 0002:000019B4       envvartab
 0001:00006BE8       EOutOfMemory.Destroy
 0001:00006BF4       EOutOfMemory.FreeInstance
 0002:000085B0       EraNames
 0002:000085CC       EraYearOffsets
 0001:000124FC       err0
 0001:0000D940       err1
 0001:0000D8C8       err1_init
 0002:00008034       ErrorAddr
 0002:00008004       ErrorProc
 0002:00000EC4       errors
 0001:0006F734       errpar
 0002:00008008       ExceptClsProc
 0001:00006B38       Exception.Create
 0001:00006B6C       Exception.CreateFmt
 0002:00008010       ExceptionClass
 0001:000068E8       ExceptionErrorMessage
 0002:0000800C       ExceptObjProc
 0002:00008000       ExceptProc
 0001:00009FA8       exist
 0001:0000A3B0       existdir
 0002:0000802C       ExitCode
 0002:000000A8       exitflg
 0001:000705E0       exithandler
 0002:00000C08       exitonfatal
 0002:00008030       ExitProc
 0001:00004818       ExitProcess
 0001:00022BEC       expaggregate.dump
 0001:00021B64       expambiguous.addtype
 0001:00021C68       expambiguous.checktype
 0001:00021CE0       expambiguous.gettype
 0001:00021F08       expambiguous.gettypecount
 0001:00021D44       expambiguous.gettypeinfo
 0001:00021E7C       expambiguous.gettypeorigin
 0001:00021E18       expambiguous.gettypesym
 0001:00021B08       expambiguous.init
 0001:00021FE4       expambiguous.isresolved
 0001:00021F24       expambiguous.resolve
 0001:00009F58       expand
 0001:000098F8       expandi
 0001:00022B18       expattrib.dump
 0001:00022AFC       expattrib.getsymbol
 0001:00022ADC       expattrib.setid
 0001:00022C48       expcallspec.dump
 0001:000222A4       expcomponent.dump
 0001:00022288       expcomponent.getsymbol
 0001:00022268       expcomponent.setid
 0001:00022CD8       expcurrent.dump
 0001:00022AA8       expderef.dump
 0001:00022A84       expderef.join
 0001:00022A60       expderef.split
 0001:00022334       expimm.dump
 0001:00022964       expindex.dump
 0001:00022938       expindex.get
 0001:00022910       expindex.join
 0001:000228D0       expindex.split
 0001:00021684       expinfo.init
 0001:000227C0       expitem.dump
 0001:00022794       expitem.get
 0001:00022710       expitem.getsymbol
 0001:0002276C       expitem.join
 0001:000226F0       expitem.setid
 0001:0002272C       expitem.split
 0001:000226A4       explist.dump
 0001:00022658       explist.get
 0001:0002257C       explist.init
 0001:0002260C       explist.join
 0001:000225A8       explist.split
 0001:0002193C       expnode.dump
 0001:00021914       expnode.errpos
 0001:00021858       expnode.getpos
 0001:000217D8       expnode.getsymbol
 0001:00021790       expnode.gettype
 0001:000217C0       expnode.gettypecount
 0001:000216C4       expnode.init
 0001:000217F0       expnode.loadpos
 0001:000216E0       expnode.newtype
 0001:00021830       expnode.setpos
 0001:00021718       expnode.settype
 0001:0002173C       expnode.settypeunchecked
 0001:00021760       expnode.setunchecked
 0001:000220E8       expoper.dump
 0001:000220BC       expoper.get
 0001:00022000       expoper.init
 0001:00022094       expoper.join
 0001:0002202C       expoper.setoper
 0001:00022054       expoper.split
 0002:00002858       expoperinfo
 0002:000027B8       expopertxt
 0001:00022550       exprange.dump
 0001:00022524       exprange.get
 0001:000224FC       exprange.join
 0001:000224BC       exprange.split
 0001:00022A0C       expref.dump
 0001:000229F0       expref.get
 0001:000229CC       expref.join
 0001:000229A8       expref.split
 0001:00022CB0       expthis.dump
 0001:00022204       expunary.dump
 0001:000221E8       expunary.get
 0001:0002214C       expunary.init
 0001:000221C4       expunary.join
 0001:00022178       expunary.setoper
 0001:000221A0       expunary.split
 0002:00002950       expunaryinfo
 0002:00002834       expunarytxt
 0002:00000FF4       extcheck
 0002:00031F4C       extformat
 0002:00000FF0       extinput
 0001:00005A84       ExtractFileName
 0001:0003CCF0       e_alias
 0001:0003F288       e_all
 0001:0003ECE4       e_attribute
 0001:0003B8DC       e_check
 0001:0003E6CC       e_class
 0001:0003DC74       e_code_body
 0001:0003E8D8       e_compile
 0001:0003DA34       e_const
 0001:0003DBB8       e_enum
 0001:0003EC90       e_label
 0001:0003EB84       e_message
 0001:0003E544       e_module
 0001:0003E130       e_operator
 0001:0003E0A4       e_overload
 0001:0003DF28       e_override
 0001:0003E9BC       e_param
 0001:0003B8A4       e_part
 0001:0003E934       e_program
 0001:0003B9F4       e_refblock
 0001:0003B9A4       e_refexpr
 0001:0003BBDC       e_refimm
 0001:0003BC38       e_refsymbol
 0001:0003BCC8       e_refsymbol_from_typename
 0001:0003BAF8       e_reftype
 0001:0003BA38       e_reftype_check
 0001:0003DCDC       e_special
 0001:0003C19C       e_spec_array
 0001:0003BE4C       e_spec_enum
 0001:0003BF58       e_spec_float
 0001:0003BD8C       e_spec_ordinal
 0001:0003C788       e_spec_pointer
 0001:0003C15C       e_spec_procedure
 0001:0003C558       e_spec_record
 0001:0003C6B0       e_spec_set
 0001:0003C348       e_spec_string
 0002:00030080       e_spec_tab
 0001:0003CB28       e_spec_tag
 0001:0003DDBC       e_subprogram
 0001:0003ED1C       e_symbol
 0001:0003ECAC       e_template
 0001:0003ECC8       e_tparam
 0001:0003D724       e_type
 0001:0003CD10       e_type_derived
 0001:0003ED00       e_undef
 0001:0003CB70       e_var
 0001:000501E8       falign
 0001:0005025C       falignmod
 0001:00070E78       fcc32
 0001:0000BC98       fclose
 0001:0000C020       fcreate
 0001:0000CAE4       ferase
 0001:0000B9C4       ferror
 0001:0000C138       fexist
 0001:000502D4       ffillz
 0001:0000CCF4       file1
 0001:0000CC98       file1_init
 0001:0000B4E0       filedef
 0001:000198E4       filelist_additem
 0001:000198A8       filelist_discard
 0001:00019888       filelist_init
 0001:000198AC       filelist_newitem
 0002:0000803E       FileMode
 0002:00000BF4       filemon
 0001:00004820       FileTimeToLocalFileTime
 0001:00004828       FileTimeToSystemTime
 0001:00015200       filetxt
 0001:000119D8       fill
 0001:0000470C       fillbyte
 0001:0004F890       fillrange
 0001:00011C24       fillstr
 0001:00004718       fillstruct
 0001:000119FC       fillz
 0001:00060760       fillzsmall
 0002:000070F8       fill_nops
 0002:00006E20       fill_zeros
 0001:000705A8       Finalization
 0001:000084CC       Finalization
 0001:00057B3C       Finalization
 0001:0000424C       Finalization
 0001:0006E3E4       Finalization
 0001:00046054       Finalization
 0001:0006EF10       Finalization
 0001:0005DFC0       Finalization
 0001:00007E70       Finalization
 0001:000500A0       Finalization
 0001:0006D0C0       Finalization
 0001:0000B4B0       Finalization
 0001:00004770       Finalization
 0001:0000B4E8       Finalization
 0001:0001D9E4       Finalization
 0001:0004221C       Finalization
 0001:0000B520       Finalization
 0001:0001DD48       Finalization
 0001:00059DF0       Finalization
 0001:0006EB88       Finalization
 0001:0000B558       Finalization
 0001:00049510       Finalization
 0001:0006CB58       Finalization
 0001:00025C30       Finalization
 0001:0004EEF8       Finalization
 0001:0000B590       Finalization
 0001:0001DF0C       Finalization
 0001:00041B04       Finalization
 0001:00025FEC       Finalization
 0001:000269F4       Finalization
 0001:0001E424       Finalization
 0001:0006A0C0       Finalization
 0001:0002819C       Finalization
 0001:0004EC5C       Finalization
 0001:00014DDC       Finalization
 0001:0004A118       Finalization
 0001:0005D5E0       Finalization
 0001:0001A2C4       Finalization
 0001:0004A2E4       Finalization
 0001:0001F2E8       Finalization
 0001:0000B6C8       Finalization
 0001:0001A17C       Finalization
 0001:0003FB58       Finalization
 0001:00053F60       Finalization
 0001:0000B700       Finalization
 0001:0000B738       Finalization
 0001:0000B770       Finalization
 0001:0000B914       Finalization
 0001:0003F3B4       Finalization
 0001:0000B98C       Finalization
 0001:00014670       Finalization
 0001:00014638       Finalization
 0001:00014600       Finalization
 0001:000151D0       Finalization
 0001:00023424       Finalization
 0001:0000CCC4       Finalization
 0001:0000CE9C       Finalization
 0001:0000D910       Finalization
 0001:00004684       Finalization
 0001:0000E4C0       Finalization
 0001:0003B4F0       Finalization
 0001:0002BF90       Finalization
 0001:0005BB68       Finalization
 0001:00014444       Finalization
 0001:0000E538       Finalization
 0001:0003A29C       Finalization
 0001:00020DEC       Finalization
 0001:0000E640       Finalization
 0001:0000E6F4       Finalization
 0001:0000E794       Finalization
 0001:0000E7CC       Finalization
 0001:0004A3E8       Finalization
 0001:00004FE4       Finalization
 0001:0004A580       Finalization
 0001:00014120       Finalization
 0001:000140C4       Finalization
 0001:0000EC4C       Finalization
 0001:00060CC4       Finalization
 0001:000361BC       Finalization
 0001:0000F3C4       Finalization
 0001:00035FFC       Finalization
 0001:000192B8       Finalization
 0001:0004A5D4       Finalization
 0001:0004A60C       Finalization
 0001:0000F684       Finalization
 0001:000333EC       Finalization
 0001:000333B4       Finalization
 0001:0004A6C8       Finalization
 0001:00018D9C       Finalization
 0001:00004C1C       Finalization
 0001:000041DC       Finalization
 0001:0003238C       Finalization
 0001:00031EA4       Finalization
 0001:0004B788       Finalization
 0001:0000F7BC       Finalization
 0001:00018C20       Finalization
 0001:00031B54       Finalization
 0001:000319B8       Finalization
 0001:0000F7F4       Finalization
 0001:000316C4       Finalization
 0001:00004A30       Finalization
 0001:0005BF2C       Finalization
 0001:0000FB9C       Finalization
 0001:000049F8       Finalization
 0001:00030628       Finalization
 0001:00011918       Finalization
 0001:00004214       Finalization
 0001:0001403C       Finalization
 0001:0002D114       Finalization
 0001:000154B0       Finalization
 0001:00011A70       Finalization
 0001:00015538       Finalization
 0001:00015570       Finalization
 0001:00015610       Finalization
 0001:00013C38       Finalization
 0001:000136E0       Finalization
 0001:0002DB28       Finalization
 0001:0002FBFC       Finalization
 0001:00013400       Finalization
 0001:00050A40       Finalization
 0001:000133C8       Finalization
 0001:00013390       Finalization
 0001:000160D0       Finalization
 0001:0001241C       Finalization
 0001:00017388       Finalization
 0001:000124CC       Finalization
 0001:00012520       Finalization
 0001:00012610       Finalization
 0001:0002E58C       Finalization
 0001:0001285C       Finalization
 0001:00012C20       Finalization
 0001:000486A4       Finalization
 0001:000086B0       Finalization
 0001:000485C0       Finalization
 0001:000501B0       Finalization
 0001:0005D780       Finalization
 0001:0000B478       Finalization
 0001:00047F10       Finalization
 0001:00008D4C       Finalization
 0001:00070920       Finalization
 0001:0000982C       Finalization
 0001:00009864       Finalization
 0001:00047144       Finalization
 0001:00047094       Finalization
 0001:000467DC       Finalization
 0001:0005D810       Finalization
 0001:0000AA90       Finalization
 0001:00003F94       Finalization
 0001:00058FB4       Finalization
 0001:0000AA58       Finalization
 0001:0000AA20       Finalization
 0001:00046960       Finalization
 0001:00050564       Finalization
 0001:00059198       Finalization
 0001:0006E008       Finalization
 0001:00070958       Finalization
 0001:0005DB08       Finalization
 0001:00024D44       Finalization
 0001:0002B2D0       finalize_items
 0001:00004830       FindClose
 0001:0000A804       findclose
 0001:00013524       findfilename
 0001:0000A744       findfirst
 0001:00004838       FindFirstFile
 0001:00018080       findfirstsym
 0001:00003134       FindHInstance
 0001:00017B10       findident
 0001:00037C80       findinclass
 0001:00037D18       findinsymbol
 0001:00017BAC       findlink
 0001:00017D48       findlocal
 0001:00017DB0       findlocal0
 0001:0000A7C0       findnext
 0001:00004840       FindNextFile
 0001:000180CC       findnextsym
 0001:0000315C       FindResourceHInstance
 0001:00017CA4       findsym
 0001:00017FC4       findtfirst
 0001:00018034       findtnext
 0001:00017C2C       findwith
 0001:0000BC24       finit
 0002:00000C00       finited
 0001:000673B8       firstarg
 0002:00000BF0       firstfile
 0001:0005FAC0       firstreg
 0001:000706E8       flex_main
 0001:00007B82       FloatToDecimal
 0001:0001DA1C       floattostr
 0001:000075E6       FloatToText
 0001:000078AF       FloatToTextFmt
 0002:00008B30       flsem
 0002:00000C04       fmondisabled
 0001:00005FD0       FmtStr
 0001:00041DEC       followendid
 0001:00041D84       followendkw
 0001:00041CE4       followlex
 0001:0000C0B4       fopen
 0001:00005FBC       Format
 0001:00005C38       FormatBuf
 0001:00012070       formats
 0001:000120F0       formats2
 0001:000121B8       formats3
 0001:000122C8       formats4
 0001:0000C9C8       fpos
 0001:0000C7A8       fpossetget
 0001:00003CC0       FPower10
 0001:0000C340       fread
 0001:0000F75C       free
 0001:0004E088       freeavailregs
 0001:0004EC14       freetemp
 0001:000101F0       free_block
 0001:0000C938       fseek
 0001:0000CA58       fseekend
 0001:0000CB8C       fsize
 0001:0000A838       fsplit
 0001:0000A974       fsplitd
 0001:0000C564       fwrite
 0001:0006EF40       f_comp
 0001:0006EBC0       f_comp_init
 0001:000133F8       f_def
 0001:00070950       f_main
 0001:000705D8       f_param
 0001:00013CC4       galloc
 0001:00013C88       gcreate
 0002:000318E8       gendi
 0001:00056850       generate_alignsym
 0001:000571FC       generate_code
 0001:00053C34       generate_codeview_type
 0001:00051730       generate_st_array
 0001:00050E8C       generate_st_char
 0001:00051E40       generate_st_class
 0001:000520D8       generate_st_enum
 0001:00050DDC       generate_st_float
 0001:00050F84       generate_st_logical
 0001:000526A0       generate_st_message
 0001:000525AC       generate_st_pointer
 0001:000526B8       generate_st_procedure
 0001:00051A80       generate_st_record
 0001:00052338       generate_st_set
 0001:00050CE4       generate_st_signed
 0001:00051000       generate_st_string
 0001:00050F08       generate_st_tag
 0001:00051844       generate_st_uarray
 0001:00050D60       generate_st_unsigned
 0001:00051398       generate_st_ustring
 0001:00057140       generate_symbol_table
 0001:00055CEC       generate_type
 0001:0000AAC8       genkey
 0001:0004CDE4       genop
 0001:00062104       genop
 0001:000623BC       genops
 0001:0004DE7C       getaddr
 0001:0004DF20       getavailregs
 0001:00015EC8       getchar
 0001:00016704       getcharencoding
 0001:00004860       GetComputerName
 0001:00018810       getcontainer
 0001:00004858       GetCPInfo
 0001:00004868       GetCurrentProcess
 0001:00004870       GetCurrentThread
 0001:00004878       GetCurrentThreadId
 0001:0000F2D4       getcurrid
 0001:00008BC0       getdate
 0001:00008BEC       getdatim
 0001:000049A8       GetDesktopWindow
 0001:000134F0       getdirlist
 0001:00013438       getdirlistx
 0001:00004880       GetDriveType
 0001:00018E70       getenvvar
 0001:0004DE98       getfieldaddr
 0001:00004888       GetFileSize
 0001:00006594       GetFormatSettings
 0001:00008B94       getGMTdate
 0001:00008B68       getGMTtime
 0001:000173C0       gethash
 0001:0001332C       getkey
 0001:00004890       GetLastError
 0001:00041B3C       getlex
 0001:00041E8C       getlexid
 0001:00041FE4       getlexpos
 0001:0004208C       getlexposall
 0001:00016C58       getlexsym
 0001:00041ED8       getlextxt
 0001:00041EFC       getlexval
 0001:000060E4       GetLocaleChar
 0001:000048A0       GetLocaleInfo
 0001:00006098       GetLocaleStr
 0001:00004898       GetLocalTime
 0001:000048A8       GetModuleFileName
 0001:0001626C       getnum
 0001:0004E180       getopregs
 0001:000049B0       GetProcessWindowStation
 0001:0005D7B8       getrtattribsize
 0001:00018D68       getrtlproc
 0001:00018D10       getrtlprocid
 0001:00004A68       getstation
 0001:000048B0       GetStdHandle
 0001:000168B8       getstr
 0001:000049B8       GetSystemMetrics
 0001:000048B8       GetSystemTime
 0001:0004E808       gettarget
 0001:000049C0       GetThreadDesktop
 0001:000048C0       GetThreadLocale
 0001:000048C8       GetThreadTimes
 0001:000048D0       GetTickCount
 0001:00008B3C       gettime
 0001:0000E580       gettimer
 0001:00022D00       gettypedesc
 0001:000047A8       GetUserName
 0001:0004EB10       getvaraddr
 0001:000048D8       GetVersionEx
 0001:0001888C       getvisibility
 0001:00050B34       get_codeview_type_container
 0001:00019BC0       get_source_file_name
 0001:00013C70       ginit
 0001:0000B9BC       global
 0002:00008BA8       globalevent
 0001:000048E0       GlobalMemoryStatus
 0001:0000B94C       globalsignal
 0001:0000B958       globaltest
 0001:0000B978       global_init
 0001:0000B730       gost
 0001:0000B7A0       gosthash
 0001:0000B768       gost_2
 0002:00031D48       gpath
 0001:00013E98       grealloc
 0001:0005D7B0       g_util
 0002:00018938       hashlist
 0002:00000210       hextab
 0002:00017044       hinput
 0002:000084B4       HInstance
 0001:00004EC0       hiword
 0001:000091FC       hmstostr
 0001:00008A6C       hmstotime
 0002:00000FE8       hotkeyenable1
 0002:00000FEC       hotkeyenable2
 0002:00017040       houtput
 0002:00006C84       icallclasstxt
 0002:00004CD4       icondinstr
 0002:00004CB0       icondneg
 0002:00006828       idatatype
 0002:00006D50       iframereg
 0002:00006D44       iframesize
 0002:00006D54       iframetxt
 0001:00041FBC       ignorelex
 0002:00006644       iinstrinfo
 0002:00004220       iinstrtxt
 0001:0004A338       imm32a
 0001:0004A358       imm32add
 0001:0004A340       imm32ae
 0001:0004A368       imm32and
 0001:0004A330       imm32b
 0001:0004A374       imm32cmp2n
 0001:0004A348       imm32eq
 0001:0004A320       imm32ge
 0001:0004A328       imm32le
 0001:0004A31C       imm32load
 0001:0004A36C       imm32mul
 0001:0004A350       imm32nz
 0001:0004A360       imm32shr
 0001:0004A35C       imm32sub
 0001:0004A3CC       imm32toud
 0001:0004A3D8       imm32toui
 0001:0004A3E4       imm32touint
 0002:00004190       imm32_0
 0002:00004194       imm32_1
 0002:00004198       imm32_2
 0002:000041A8       imm32_31
 0002:0000419C       imm32_4
 0002:000041A0       imm32_5
 0002:000041A4       imm32_8
 0002:000041AC       imm32_lpointer32
 0002:000041B0       imm32_lstrisize32
 0001:00020354       imm_check
 0001:00020B14       imm_cmp
 0001:0001FF4C       imm_convarray
 0001:0001F320       imm_convord
 0001:0002096C       imm_diff
 0001:00020698       imm_get_length
 0001:00020814       imm_isfullset
 0001:00020720       imm_isnil
 0001:00020118       imm_settype
 0001:000208AC       imm_union
 0001:00011A1C       imovef
 0001:000047B0       ImpersonateNamedPipeClient
 0001:0000E5D4       initdelay
 0001:00018FD4       initenvvar
 0001:000048E8       InitializeCriticalSection
 0001:0004EC28       initinfo
 0001:00069DE0       initopertab
 0001:0002BD6C       initopertab
 0001:00018D8C       initrtl
 0001:00015DE4       initsrc
 0001:000364EC       initunarytab
 0001:0002BF08       initunarytab
 0001:0005D618       initvoltmetr
 0001:000047A0       inl32
 0002:00008044       Input
 0001:00012C58       inputkey
 0001:00004848       InterlockedDecrement
 0001:00004850       InterlockedIncrement
 0001:00004E14       inttoasc
 0002:00018108       inttype_machine_pointer
 0002:00018104       inttype_status
 0002:00018100       inttype_tag
 0002:00004F84       iopcodemap
 0002:00030308       iopcodemapindex
 0002:00004DC0       iopmodetxt
 0002:00004DB0       iprefixcode
 0002:00004D38       iprefixtxt
 0002:00006820       ircframe_action
 0002:00006824       ircframe_dest
 0002:00004C84       iregcode
 0002:00004B50       iregsize
 0002:00004B7C       iregtouni
 0002:00004BE0       iregtxt
 0001:000187D4       isancestor
 0001:000048F0       IsBadReadPtr
 0002:0000803C       IsConsole
 0001:00018798       isdescendant
 0001:0001862C       isfullvisible
 0001:000186B0       isincluded
 0001:000186E4       isincluded_or_ancestor
[...]
  1524 0001:0006BBFB  1525 0001:0006BC0A  1529 0001:0006BC1E  1530 0001:0006BC3C
  1541 0001:0006BC44  1542 0001:0006BC53  1551 0001:0006BC7A  1557 0001:0006BC8E
  1560 0001:0006BC9A  1564 0001:0006BCB0  1566 0001:0006BCC6  1568 0001:0006BCDE
  1569 0001:0006BCE5  1570 0001:0006BCED  1577 0001:0006BCF5  1581 0001:0006BD03
  1585 0001:0006BD11  1589 0001:0006BD1F  1592 0001:0006BD28  1595 0001:0006BD3C
  1599 0001:0006BD4A  1601 0001:0006BD56  1618 0001:0006BD5C  1620 0001:0006BD6B
  1621 0001:0006BD74  1623 0001:0006BD7A  1624 0001:0006BD91  1621 0001:0006BD99
  1628 0001:0006BD9F  1629 0001:0006BDA8  1630 0001:0006BDB2  1634 0001:0006BDC2
  1640 0001:0006BDDF  1643 0001:0006BDFB  1644 0001:0006BE02  1645 0001:0006BE18
  1643 0001:0006BE1B  1648 0001:0006BE21  1650 0001:0006BE3D  1653 0001:0006BE49
  1657 0001:0006BE6C  1658 0001:0006BE75  1662 0001:0006BE86  1666 0001:0006BEAE
  1670 0001:0006BEBA  1629 0001:0006BEC2  1672 0001:0006BECC  1685 0001:0006BED4
  1687 0001:0006BEE3  1689 0001:0006BF21  1692 0001:0006BF42  1695 0001:0006BF63
  1698 0001:0006BF84  1701 0001:0006BFA5  1704 0001:0006BFC6  1707 0001:0006BFE4
  1710 0001:0006C002  1713 0001:0006C020  1716 0001:0006C03E  1720 0001:0006C04A
  1723 0001:0006C063  1725 0001:0006C0A1  1728 0001:0006C0BC  1731 0001:0006C0D7
  1734 0001:0006C0F2  1737 0001:0006C10D  1740 0001:0006C125  1743 0001:0006C13D
  1746 0001:0006C155  1749 0001:0006C16D  1752 0001:0006C185  1756 0001:0006C191
  1757 0001:0006C1AA  1768 0001:0006C1B0  1769 0001:0006C1BF  1772 0001:0006C1E4
  1774 0001:0006C246  1777 0001:0006C261  1780 0001:0006C27C  1783 0001:0006C297
  1786 0001:0006C2B2  1789 0001:0006C2CD  1792 0001:0006C2E8  1795 0001:0006C303
  1798 0001:0006C31E  1801 0001:0006C339  1804 0001:0006C354  1807 0001:0006C36F
  1810 0001:0006C38A  1813 0001:0006C3A5  1816 0001:0006C3BD  1819 0001:0006C3D5
  1822 0001:0006C3ED  1825 0001:0006C405  1828 0001:0006C41D  1832 0001:0006C429
  1854 0001:0006C430  1862 0001:0006C43F  1863 0001:0006C44E  1868 0001:0006C475
  1871 0001:0006C48C  1874 0001:0006C4A4  1878 0001:0006C4B5  1883 0001:0006C4D8
  1884 0001:0006C4F4  1888 0001:0006C513  1889 0001:0006C526  1890 0001:0006C52A
  1891 0001:0006C543  1892 0001:0006C559  1894 0001:0006C589  1889 0001:0006C58C
  1898 0001:0006C592  1901 0001:0006C5AA  1902 0001:0006C5B0  1906 0001:0006C5C9
  1907 0001:0006C5CF  1923 0001:0006C5DC  1930 0001:0006C5EB  1934 0001:0006C617
  1935 0001:0006C623  1936 0001:0006C62F  1939 0001:0006C63B  1940 0001:0006C658
  1941 0001:0006C664  1958 0001:0006C668  1965 0001:0006C677  1968 0001:0006C68A
  1974 0001:0006C6A6  1979 0001:0006C6B2  1982 0001:0006C6D1  1987 0001:0006C6F2
  1990 0001:0006C709  1991 0001:0006C713  1994 0001:0006C724  1997 0001:0006C741
  2008 0001:0006C753  2011 0001:0006C772  2014 0001:0006C784  2017 0001:0006C790
  2020 0001:0006C79F  2024 0001:0006C7B7  2027 0001:0006C7CA  2029 0001:0006C7D6
  2032 0001:0006C7DF  2035 0001:0006C7E3  2039 0001:0006C7EA  2042 0001:0006C7FA
  2047 0001:0006C804  2048 0001:0006C80E  2049 0001:0006C824  2053 0001:0006C83A
  2054 0001:0006C848  2058 0001:0006C85C  2050 0001:0006C864  2064 0001:0006C86A
  2066 0001:0006C87A  2076 0001:0006C896  2079 0001:0006C8A6  2080 0001:0006C8DB
  2084 0001:0006C8F5  2088 0001:0006C901  2091 0001:0006C917  2092 0001:0006C931
  2096 0001:0006C943  2089 0001:0006C94B  2099 0001:0006C951  2110 0001:0006C960
  2117 0001:0006C96F  2125 0001:0006C97F  2135 0001:0006C988  2139 0001:0006C9A1
  2141 0001:0006C9C0  2144 0001:0006C9E1  2148 0001:0006C9ED  2153 0001:0006C9F6
  2154 0001:0006CA00  2157 0001:0006CA0E  2162 0001:0006CA2D  2166 0001:0006CA4C
  2167 0001:0006CA58  2168 0001:0006CA7A  2175 0001:0006CA99  2187 0001:0006CAA0
  2190 0001:0006CAAC  2193 0001:0006CAC1  2196 0001:0006CACC  2197 0001:0006CAD9
  2204 0001:0006CADE  2205 0001:0006CAEA  2209 0001:0006CB0C  2212 0001:0006CB1A
  2218 0001:0006CB36  2221 0001:0006CB44  2222 0001:0006CB52  2226 0001:0006CB8F

Line numbers for ci_gen(ci_gen.pas) segment .text

    50 0001:0006CB90    52 0001:0006CB9C    55 0001:0006CBA4    56 0001:0006CBB6
    57 0001:0006CBC4    58 0001:0006CBD6    59 0001:0006CBE9    62 0001:0006CBFA
    63 0001:0006CC09    64 0001:0006CC14    67 0001:0006CC28    68 0001:0006CC37
    69 0001:0006CC42    72 0001:0006CC56    74 0001:0006CC66    77 0001:0006CC78
    79 0001:0006CC87    82 0001:0006CCA4    83 0001:0006CCAD    84 0001:0006CCBD
    85 0001:0006CCEC    86 0001:0006CCFE    87 0001:0006CD07    83 0001:0006CD0A
    90 0001:0006CD10   108 0001:0006CD14   109 0001:0006CD21   110 0001:0006CD2D
   114 0001:0006CD4D   117 0001:0006CD58   120 0001:0006CD63   123 0001:0006CD6E
   126 0001:0006CD7C   129 0001:0006CD8E   131 0001:0006CDA6   134 0001:0006CDC3
   135 0001:0006CDDD   129 0001:0006CDE0   138 0001:0006CDE5   139 0001:0006CDF0
   140 0001:0006CE07   143 0001:0006CE1B   145 0001:0006CE2C   148 0001:0006CE49
   149 0001:0006CE63   143 0001:0006CE66   152 0001:0006CE6C   155 0001:0006CE7A
   158 0001:0006CE91   161 0001:0006CEA6   164 0001:0006CEBD   165 0001:0006CECB
   177 0001:0006CF00   179 0001:0006CF15   180 0001:0006CF28   181 0001:0006CF34
   184 0001:0006CF94   186 0001:0006CFA2   189 0001:0006CFAD   191 0001:0006CFC7
   194 0001:0006CFCC   195 0001:0006CFD1   199 0001:0006CFDE   200 0001:0006CFE7
   204 0001:0006CFED   208 0001:0006CFFB   200 0001:0006D004   210 0001:0006D00A
   223 0001:0006D024   225 0001:0006D030   226 0001:0006D03F   230 0001:0006D044
   231 0001:0006D04D   235 0001:0006D053   239 0001:0006D05E   231 0001:0006D067
   241 0001:0006D06D   254 0001:0006D074   256 0001:0006D07D   257 0001:0006D082
   260 0001:0006D08D   261 0001:0006D092   262 0001:0006D09D   263 0001:0006D0AB
   266 0001:0006D0B3   267 0001:0006D0BB   271 0001:0006D0F7

Line numbers for ci_asm(ci_asm.pas) segment .text

    72 0001:0006D14C    73 0001:0006D15B    76 0001:0006D161    77 0001:0006D167
    79 0001:0006D16D    80 0001:0006D182    81 0001:0006D19D    82 0001:0006D1A8
    83 0001:0006D1B0    85 0001:0006D1BA    86 0001:0006D1DA    87 0001:0006D1E0
    88 0001:0006D1E9    92 0001:0006D1EE    93 0001:0006D1F6    95 0001:0006D21E
    96 0001:0006D225    97 0001:0006D22B    98 0001:0006D234   102 0001:0006D236
   103 0001:0006D23E   105 0001:0006D266   106 0001:0006D26D   107 0001:0006D273
   112 0001:0006D27C   126 0001:0006D280   128 0001:0006D28C   129 0001:0006D299
   132 0001:0006D2BA   134 0001:0006D2C0   137 0001:0006D2D2   138 0001:0006D2DF
   139 0001:0006D2E7   142 0001:0006D2F5   146 0001:0006D300   147 0001:0006D309
   162 0001:0006D310   164 0001:0006D31C   167 0001:0006D332   168 0001:0006D33B
   169 0001:0006D34C   170 0001:0006D361   171 0001:0006D36B   177 0001:0006D375
   180 0001:0006D387   181 0001:0006D38E   184 0001:0006D397   187 0001:0006D3A0
   188 0001:0006D3AB   189 0001:0006D3B8   190 0001:0006D3C5   193 0001:0006D3D0
   194 0001:0006D3DB   195 0001:0006D3E1   196 0001:0006D3F2   197 0001:0006D3FC
   199 0001:0006D406   212 0001:0006D40C   214 0001:0006D418   215 0001:0006D42B
   218 0001:0006D438   219 0001:0006D44B   222 0001:0006D458   223 0001:0006D469
   224 0001:0006D473   226 0001:0006D47D   227 0001:0006D488   237 0001:0006D48C
   238 0001:0006D498   239 0001:0006D4A2   240 0001:0006D4B0   241 0001:0006D4B8
   255 0001:0006D4BC   257 0001:0006D4E5   260 0001:0006D501   261 0001:0006D507
   262 0001:0006D50F   263 0001:0006D516   264 0001:0006D51F   265 0001:0006D531
   293 0001:0006D53C   295 0001:0006D54E   296 0001:0006D553   298 0001:0006D565
   299 0001:0006D572   306 0001:0006D589   307 0001:0006D598   308 0001:0006D5A9
   309 0001:0006D5B1   313 0001:0006D5B3   317 0001:0006D5CB   318 0001:0006D5D9
   319 0001:0006D5EA   324 0001:0006D5F4   325 0001:0006D5FF   328 0001:0006D637
   329 0001:0006D63F   331 0001:0006D648   332 0001:0006D65C   333 0001:0006D671
   334 0001:0006D686   335 0001:0006D699   338 0001:0006D6B0   339 0001:0006D6C9
   340 0001:0006D6DA   347 0001:0006D6E7   348 0001:0006D705   349 0001:0006D719
   350 0001:0006D722   351 0001:0006D733   352 0001:0006D743   353 0001:0006D74D
   357 0001:0006D757   360 0001:0006D769   361 0001:0006D775   362 0001:0006D77C
   363 0001:0006D786   364 0001:0006D792   369 0001:0006D79A   372 0001:0006D7A6
   375 0001:0006D7BE   378 0001:0006D7CB   382 0001:0006D7D7   384 0001:0006D7E1
   393 0001:0006D7EF   396 0001:0006D7F7   399 0001:0006D802   401 0001:0006D80C
   408 0001:0006D81A   411 0001:0006D827   414 0001:0006D84A   422 0001:0006D853
   426 0001:0006D85D   427 0001:0006D868   432 0001:0006D86E   433 0001:0006D87C
   434 0001:0006D88D   435 0001:0006D897   437 0001:0006D8A1   440 0001:0006D8A9
   443 0001:0006D8B1   449 0001:0006D8C4   451 0001:0006D8D5   455 0001:0006D8E8
   456 0001:0006D8F0   459 0001:0006D8F6   460 0001:0006D8FF   461 0001:0006D910
   462 0001:0006D91A   466 0001:0006D924   471 0001:0006D936   472 0001:0006D93F
   473 0001:0006D950   474 0001:0006D95A   478 0001:0006D964   479 0001:0006D972
   480 0001:0006D983   481 0001:0006D98D   483 0001:0006D997   486 0001:0006D99F
   487 0001:0006D9AA   488 0001:0006D9D0   489 0001:0006D9E1   490 0001:0006D9EB
   494 0001:0006D9F5   495 0001:0006D9FE   501 0001:0006DA0C   503 0001:0006DA20
   506 0001:0006DA34   507 0001:0006DA45   508 0001:0006DA4F   516 0001:0006DA5B
   519 0001:0006DA63   524 0001:0006DA73   525 0001:0006DA84   526 0001:0006DA8E
   530 0001:0006DA98   531 0001:0006DAA3   534 0001:0006DAB0   535 0001:0006DABE
   536 0001:0006DACF   540 0001:0006DAD9   541 0001:0006DADF   546 0001:0006DAEA
   547 0001:0006DAFB   548 0001:0006DB05   550 0001:0006DB0F   571 0001:0006DB18
   572 0001:0006DB2A   574 0001:0006DB38   577 0001:0006DB4A   579 0001:0006DB50
   580 0001:0006DB58   582 0001:0006DB61   583 0001:0006DB6C   584 0001:0006DB72
   585 0001:0006DB83   586 0001:0006DB8D   591 0001:0006DB97   592 0001:0006DB9F
   593 0001:0006DBA8   594 0001:0006DBAF   595 0001:0006DBC1   593 0001:0006DBC4
   598 0001:0006DBCA   601 0001:0006DBD9   604 0001:0006DBE0   605 0001:0006DBEB
   608 0001:0006DBF5   609 0001:0006DBFD   610 0001:0006DC02   612 0001:0006DC07
   613 0001:0006DC0D   614 0001:0006DC12   616 0001:0006DC2C   617 0001:0006DC32
   620 0001:0006DC4C   621 0001:0006DC5D   622 0001:0006DC6C   623 0001:0006DC76
   625 0001:0006DC80   602 0001:0006DC83   629 0001:0006DC8D   633 0001:0006DC97
   636 0001:0006DCA6   637 0001:0006DCAF   638 0001:0006DCC6   640 0001:0006DCDB
   641 0001:0006DCE4   642 0001:0006DCFB   644 0001:0006DD10   645 0001:0006DD19
   646 0001:0006DD30   650 0001:0006DD45   653 0001:0006DD6A   654 0001:0006DD75
   655 0001:0006DD82   656 0001:0006DD8F   659 0001:0006DDB5   661 0001:0006DDCD
   676 0001:0006DDFC   677 0001:0006DE0B   679 0001:0006DE19   682 0001:0006DE28
   685 0001:0006DE2F   686 0001:0006DE3A   688 0001:0006DE85   691 0001:0006DE8A
   694 0001:0006DE99   700 0001:0006DEA8   704 0001:0006DEB8   705 0001:0006DEC9
   706 0001:0006DED8   707 0001:0006DEE2   711 0001:0006DEEC   712 0001:0006DEFD
   713 0001:0006DF0C   714 0001:0006DF16   684 0001:0006DF20   719 0001:0006DF25
   720 0001:0006DF30   721 0001:0006DF3A   725 0001:0006DF48   726 0001:0006DF4F
   728 0001:0006DF5D   729 0001:0006DF6E   730 0001:0006DF7F   731 0001:0006DF96
   735 0001:0006DFAB   725 0001:0006DFAE   743 0001:0006DFB6   745 0001:0006DFC2
   720 0001:0006DFCA   750 0001:0006DFE1   752 0001:0006DFEE   754 0001:0006DFFD
   758 0001:0006E03F

Line numbers for cl_link(cl_link.pas) segment .text

    50 0001:0006E040    51 0001:0006E046    54 0001:0006E063    55 0001:0006E075
    56 0001:0006E086    60 0001:0006E0A6    61 0001:0006E0AA    62 0001:0006E0CB
    64 0001:0006E0F9    60 0001:0006E0FC    67 0001:0006E102    68 0001:0006E116
    74 0001:0006E11C    76 0001:0006E12C    77 0001:0006E132    78 0001:0006E13C
    80 0001:0006E141    83 0001:0006E151    88 0001:0006E15B    89 0001:0006E167
    93 0001:0006E17A    95 0001:0006E1A1    97 0001:0006E1B4   101 0001:0006E1C7
   103 0001:0006E1D6   108 0001:0006E1E7   109 0001:0006E1F6   113 0001:0006E20A
   118 0001:0006E21D   121 0001:0006E234   124 0001:0006E23F   129 0001:0006E25B
   131 0001:0006E263   135 0001:0006E26F   137 0001:0006E277   140 0001:0006E27E
   146 0001:0006E297   147 0001:0006E2A9   149 0001:0006E2C3   140 0001:0006E2C6
   161 0001:0006E2CD   162 0001:0006E2D5   163 0001:0006E2DD   168 0001:0006E2ED
   173 0001:0006E2FC   182 0001:0006E308   193 0001:0006E310   196 0001:0006E31F
   197 0001:0006E326   198 0001:0006E330   202 0001:0006E33A   205 0001:0006E347
   208 0001:0006E355   211 0001:0006E361   214 0001:0006E36B   215 0001:0006E375
   216 0001:0006E381   217 0001:0006E389   221 0001:0006E41B

Line numbers for cc_comp(cc_comp.pas) segment .text

    84 0001:0006E41C    86 0001:0006E431    87 0001:0006E440    90 0001:0006E44A
    91 0001:0006E44F    92 0001:0006E454    96 0001:0006E45C    99 0001:0006E489
   100 0001:0006E497   102 0001:0006E4A5   105 0001:0006E4AD   106 0001:0006E4C6
   107 0001:0006E4D2   108 0001:0006E4E6   111 0001:0006E4FD   113 0001:0006E50C
   114 0001:0006E521   117 0001:0006E535   121 0001:0006E541   124 0001:0006E553
   125 0001:0006E568   131 0001:0006E57C   132 0001:0006E595   133 0001:0006E5AA
   136 0001:0006E5BE   139 0001:0006E5CC   143 0001:0006E5D8   144 0001:0006E5E2
   148 0001:0006E5EC   152 0001:0006E5F6   155 0001:0006E5FB   159 0001:0006E609
   160 0001:0006E610   161 0001:0006E61A   162 0001:0006E643   163 0001:0006E66C
   164 0001:0006E695   165 0001:0006E6E4   169 0001:0006E6EE   172 0001:0006E6F3
   175 0001:0006E6FF   179 0001:0006E713   182 0001:0006E71B   185 0001:0006E725
   187 0001:0006E745   191 0001:0006E759   194 0001:0006E763   198 0001:0006E777
   201 0001:0006E781   205 0001:0006E795   209 0001:0006E7AA   213 0001:0006E7BC
   215 0001:0006E7E2   216 0001:0006E7F4   221 0001:0006E807   225 0001:0006E819
   227 0001:0006E83C   228 0001:0006E84E   231 0001:0006E861   235 0001:0006E86D
   249 0001:0006E8C2   250 0001:0006E8C7   254 0001:0006E8CC   256 0001:0006E8F9
   259 0001:0006E901   260 0001:0006E90B   264 0001:0006E9DE   271 0001:0006E9E8
   274 0001:0006E9F2   276 0001:0006EA02   285 0001:0006EB58   286 0001:0006EB5D
   287 0001:0006EB62   288 0001:0006EB67   289 0001:0006EB6C   290 0001:0006EB71
   291 0001:0006EB76   292 0001:0006EB7B   293 0001:0006EB80   294 0001:0006EB85
   298 0001:0006EBBF

Line numbers for f_comp(f_comp.pas) segment .text

    52 0001:0006EBC0    54 0001:0006EBCB    57 0001:0006EBD2    60 0001:0006EBD9
    63 0001:0006EBF4    66 0001:0006EC03    67 0001:0006EC12    68 0001:0006EC21
    71 0001:0006EC30    72 0001:0006EC3A    75 0001:0006EC41    78 0001:0006EC48
    81 0001:0006EC4F    84 0001:0006EC56    85 0001:0006EC69    88 0001:0006EC76
    91 0001:0006EC8C    94 0001:0006EC93    95 0001:0006EC9A   111 0001:0006ECA8
   113 0001:0006ECB3   114 0001:0006ECBC   115 0001:0006ECC1   119 0001:0006ECCB
   120 0001:0006ECDA   121 0001:0006ECE9   122 0001:0006ECF2   126 0001:0006ECF9
   127 0001:0006ED12   128 0001:0006ED25   129 0001:0006ED34   131 0001:0006ED59
   135 0001:0006ED64   138 0001:0006ED69   151 0001:0006EE95   153 0001:0006EEA3
   154 0001:0006EEAC   155 0001:0006EEC0   157 0001:0006EEC9   160 0001:0006EED5
   162 0001:0006EEDC   166 0001:0006EF47

Line numbers for f_param(f_param.pas) segment .text

    29 0001:0006EF48    30 0001:0006EF70    32 0001:0006EF7A    33 0001:0006EF8E
    36 0001:0006EF98    37 0001:0006EFAC    38 0001:0006EFC0    39 0001:0006EFD4
    40 0001:0006EFE8    43 0001:0006EFF2    44 0001:0006F006    45 0001:0006F01A
    46 0001:0006F02E    47 0001:0006F042    48 0001:0006F056    49 0001:0006F06A
    50 0001:0006F07E    53 0001:0006F088    54 0001:0006F09C    55 0001:0006F0B0
    56 0001:0006F0C4    57 0001:0006F0D8    58 0001:0006F0EC    59 0001:0006F100
    60 0001:0006F114    61 0001:0006F128    62 0001:0006F13C    63 0001:0006F150
    66 0001:0006F15A    67 0001:0006F16E    68 0001:0006F182    71 0001:0006F196
    72 0001:0006F1AA    73 0001:0006F1BE    74 0001:0006F1D2    75 0001:0006F1E6
    76 0001:0006F1FA    77 0001:0006F20E    78 0001:0006F222    79 0001:0006F22C
    98 0001:0006F734    99 0001:0006F740   100 0001:0006F768   101 0001:0006F772
   105 0001:0006F790   107 0001:0006F79B   108 0001:0006F7B1   109 0001:0006F7BB
   110 0001:0006F7C0   115 0001:0006F7CF   117 0001:0006F7EE   122 0001:0006F7F8
   123 0001:0006F82F   126 0001:0006F86D   127 0001:0006F899   131 0001:0006F8B7
   132 0001:0006F8CE   137 0001:0006F8EC   138 0001:0006F917   143 0001:0006F926
   144 0001:0006F95D   147 0001:0006F99B   148 0001:0006F9B2   152 0001:0006F9C8
   153 0001:0006F9DF   157 0001:0006F9F3   158 0001:0006FA0A   163 0001:0006FA1B
   164 0001:0006FA46   169 0001:0006FA55   170 0001:0006FA8C   173 0001:0006FACA
   174 0001:0006FAF6   179 0001:0006FB07   180 0001:0006FB32   185 0001:0006FB41
   186 0001:0006FB58   190 0001:0006FB65   191 0001:0006FB98   192 0001:0006FBD8
   196 0001:0006FC08   197 0001:0006FC1F   201 0001:0006FC2C   202 0001:0006FC63
   203 0001:0006FC93   205 0001:0006FCBA   206 0001:0006FCCC   207 0001:0006FCDE
   211 0001:0006FCF5   212 0001:0006FD28   213 0001:0006FD68   217 0001:0006FD98
   218 0001:0006FDCB   219 0001:0006FE0B   223 0001:0006FE3B   224 0001:0006FE6E
   225 0001:0006FEAE   229 0001:0006FEDE   230 0001:0006FF15   231 0001:0006FF55
   232 0001:0006FF65   233 0001:0006FF75   237 0001:0006FFA5   238 0001:0006FFBC
   239 0001:0006FFC9   243 0001:0006FFD6   244 0001:0006FFED   245 0001:0006FFFA
   249 0001:00070007   250 0001:0007001E   254 0001:0007002B   255 0001:00070042
   259 0001:0007004F   260 0001:00070066   264 0001:00070073   265 0001:0007008A
   269 0001:00070097   270 0001:000700AE   274 0001:000700BB   275 0001:000700D2
   279 0001:000700DF   280 0001:000700F6   284 0001:00070103   285 0001:0007011A
   289 0001:00070127   290 0001:0007013E   294 0001:0007014B   295 0001:00070162
   299 0001:0007016F   300 0001:00070186   304 0001:00070193   305 0001:000701AA
   309 0001:000701B7   310 0001:00070200   311 0001:00070232   312 0001:00070250
   313 0001:00070267   316 0001:00070285   320 0001:00070294   321 0001:000702C2
   322 0001:000702C7   327 0001:000702D6   328 0001:00070301   334 0001:00070310
   335 0001:0007031A   336 0001:0007031F   338 0001:00070329   341 0001:00070339
   342 0001:00070362   343 0001:00070387   114 0001:000703AF   347 0001:000703D1
   348 0001:000703E2   349 0001:000703F3   350 0001:00070404   354 0001:000705DF

Line numbers for f_main(f_main.pas) segment .text

    31 0001:000705E0    33 0001:000705E9    36 0001:000705F6    42 0001:000705FB
    43 0001:00070618    44 0001:00070660    45 0001:00070677    46 0001:00070694
    47 0001:000706AC    44 0001:000706B0    48 0001:000706B7    50 0001:000706C8
    66 0001:000706E8    72 0001:000706F1    75 0001:000706F6    79 0001:000706FB
    80 0001:0007070C    81 0001:00070716    87 0001:0007071D    89 0001:00070725
    90 0001:00070734    92 0001:0007076D    93 0001:0007077F    94 0001:00070788
    96 0001:000707BE    97 0001:000707D0   100 0001:00070804   101 0001:0007080E
   105 0001:00070839   108 0001:0007083E   109 0001:00070843   110 0001:0007084D
   111 0001:0007085C   112 0001:00070861   113 0001:00070866   114 0001:0007086B
   115 0001:00070870   116 0001:00070875   117 0001:0007087A   118 0001:0007087F
   121 0001:00070884   122 0001:000708B2   125 0001:000708BC   126 0001:000708C8
   129 0001:000708D3   130 0001:000708D8   134 0001:00070957

Line numbers for fcc32(D:\ol40\gen\2\source\comp\fcc32.dpr) segment .text

    19 0001:00070E78    20 0001:00070E90    21 0001:00070E95

Program entry point at 0001:00070E78
